<?xml version="1.0" encoding="ISO-8859-1" ?>
<link_info>
   <banner>TMS320C2000 Linker PC v22.6.1.LTS</banner>
   <copyright>Copyright (c) 1996-2018 Texas Instruments Incorporated</copyright>
   <link_time>0x6a13d363</link_time>
   <link_errors>0x0</link_errors>
   <output_file>F28069PackBMSR2.out</output_file>
   <entry_point>
      <name>_c_int00</name>
      <address>0x3dc46a</address>
   </entry_point>
   <input_file_list>
      <input_file id="fl-2">
         <path>.\C2806XSrc\</path>
         <kind>object</kind>
         <file>F2806x_Adc.obj</file>
         <name>F2806x_Adc.obj</name>
      </input_file>
      <input_file id="fl-3">
         <path>.\C2806XSrc\</path>
         <kind>object</kind>
         <file>F2806x_CSMPasswords.obj</file>
         <name>F2806x_CSMPasswords.obj</name>
      </input_file>
      <input_file id="fl-4">
         <path>.\C2806XSrc\</path>
         <kind>object</kind>
         <file>F2806x_CodeStartBranch.obj</file>
         <name>F2806x_CodeStartBranch.obj</name>
      </input_file>
      <input_file id="fl-5">
         <path>.\C2806XSrc\</path>
         <kind>object</kind>
         <file>F2806x_CpuTimers.obj</file>
         <name>F2806x_CpuTimers.obj</name>
      </input_file>
      <input_file id="fl-6">
         <path>.\C2806XSrc\</path>
         <kind>object</kind>
         <file>F2806x_DBGIER.obj</file>
         <name>F2806x_DBGIER.obj</name>
      </input_file>
      <input_file id="fl-7">
         <path>.\C2806XSrc\</path>
         <kind>object</kind>
         <file>F2806x_DefaultIsr.obj</file>
         <name>F2806x_DefaultIsr.obj</name>
      </input_file>
      <input_file id="fl-8">
         <path>.\C2806XSrc\</path>
         <kind>object</kind>
         <file>F2806x_Dma.obj</file>
         <name>F2806x_Dma.obj</name>
      </input_file>
      <input_file id="fl-9">
         <path>.\C2806XSrc\</path>
         <kind>object</kind>
         <file>F2806x_ECan.obj</file>
         <name>F2806x_ECan.obj</name>
      </input_file>
      <input_file id="fl-a">
         <path>.\C2806XSrc\</path>
         <kind>object</kind>
         <file>F2806x_EPwm.obj</file>
         <name>F2806x_EPwm.obj</name>
      </input_file>
      <input_file id="fl-b">
         <path>.\C2806XSrc\</path>
         <kind>object</kind>
         <file>F2806x_EQep.obj</file>
         <name>F2806x_EQep.obj</name>
      </input_file>
      <input_file id="fl-c">
         <path>.\C2806XSrc\</path>
         <kind>object</kind>
         <file>F2806x_GlobalVariableDefs.obj</file>
         <name>F2806x_GlobalVariableDefs.obj</name>
      </input_file>
      <input_file id="fl-d">
         <path>.\C2806XSrc\</path>
         <kind>object</kind>
         <file>F2806x_Gpio.obj</file>
         <name>F2806x_Gpio.obj</name>
      </input_file>
      <input_file id="fl-e">
         <path>.\C2806XSrc\</path>
         <kind>object</kind>
         <file>F2806x_I2C.obj</file>
         <name>F2806x_I2C.obj</name>
      </input_file>
      <input_file id="fl-f">
         <path>.\C2806XSrc\</path>
         <kind>object</kind>
         <file>F2806x_Mcbsp.obj</file>
         <name>F2806x_Mcbsp.obj</name>
      </input_file>
      <input_file id="fl-10">
         <path>.\C2806XSrc\</path>
         <kind>object</kind>
         <file>F2806x_MemCopy.obj</file>
         <name>F2806x_MemCopy.obj</name>
      </input_file>
      <input_file id="fl-11">
         <path>.\C2806XSrc\</path>
         <kind>object</kind>
         <file>F2806x_OscComp.obj</file>
         <name>F2806x_OscComp.obj</name>
      </input_file>
      <input_file id="fl-12">
         <path>.\C2806XSrc\</path>
         <kind>object</kind>
         <file>F2806x_PieCtrl.obj</file>
         <name>F2806x_PieCtrl.obj</name>
      </input_file>
      <input_file id="fl-13">
         <path>.\C2806XSrc\</path>
         <kind>object</kind>
         <file>F2806x_PieVect.obj</file>
         <name>F2806x_PieVect.obj</name>
      </input_file>
      <input_file id="fl-14">
         <path>.\C2806XSrc\</path>
         <kind>object</kind>
         <file>F2806x_Sci.obj</file>
         <name>F2806x_Sci.obj</name>
      </input_file>
      <input_file id="fl-15">
         <path>.\C2806XSrc\</path>
         <kind>object</kind>
         <file>F2806x_Spi.obj</file>
         <name>F2806x_Spi.obj</name>
      </input_file>
      <input_file id="fl-16">
         <path>.\C2806XSrc\</path>
         <kind>object</kind>
         <file>F2806x_SysCtrl.obj</file>
         <name>F2806x_SysCtrl.obj</name>
      </input_file>
      <input_file id="fl-17">
         <path>.\C2806XSrc\</path>
         <kind>object</kind>
         <file>F2806x_usDelay.obj</file>
         <name>F2806x_usDelay.obj</name>
      </input_file>
      <input_file id="fl-18">
         <path>.\SysSoure\</path>
         <kind>object</kind>
         <file>BATAlgorithm.obj</file>
         <name>BATAlgorithm.obj</name>
      </input_file>
      <input_file id="fl-19">
         <path>.\SysSoure\</path>
         <kind>object</kind>
         <file>BAT_LTC6802.obj</file>
         <name>BAT_LTC6802.obj</name>
      </input_file>
      <input_file id="fl-1a">
         <path>.\SysSoure\</path>
         <kind>object</kind>
         <file>DSP28x_Project.obj</file>
         <name>DSP28x_Project.obj</name>
      </input_file>
      <input_file id="fl-1b">
         <path>.\SysSoure\</path>
         <kind>object</kind>
         <file>NVRAM.obj</file>
         <name>NVRAM.obj</name>
      </input_file>
      <input_file id="fl-1c">
         <path>.\SysSoure\</path>
         <kind>object</kind>
         <file>ProtectRelay.obj</file>
         <name>ProtectRelay.obj</name>
      </input_file>
      <input_file id="fl-1d">
         <path>.\SysSoure\</path>
         <kind>object</kind>
         <file>main.obj</file>
         <name>main.obj</name>
      </input_file>
      <input_file id="fl-23">
         <kind>object</kind>
         <file>&lt;internal&gt;</file>
         <name>&lt;internal&gt;</name>
      </input_file>
      <input_file id="fl-24">
         <path>C:\ti\ccs1271\ccs\tools\compiler\ti-cgt-c2000_22.6.1.LTS\lib\</path>
         <kind>archive</kind>
         <file>rts2800_fpu32.lib</file>
         <name>s_roundf.c.obj</name>
      </input_file>
      <input_file id="fl-25">
         <path>C:\ti\ccs1271\ccs\tools\compiler\ti-cgt-c2000_22.6.1.LTS\lib\</path>
         <kind>archive</kind>
         <file>rts2800_fpu32.lib</file>
         <name>boot28.asm.obj</name>
      </input_file>
      <input_file id="fl-26">
         <path>C:\ti\ccs1271\ccs\tools\compiler\ti-cgt-c2000_22.6.1.LTS\lib\</path>
         <kind>archive</kind>
         <file>rts2800_fpu32.lib</file>
         <name>fs_div28.asm.obj</name>
      </input_file>
      <input_file id="fl-27">
         <path>C:\ti\ccs1271\ccs\tools\compiler\ti-cgt-c2000_22.6.1.LTS\lib\</path>
         <kind>archive</kind>
         <file>rts2800_fpu32.lib</file>
         <name>cpy_tbl.c.obj</name>
      </input_file>
      <input_file id="fl-28">
         <path>C:\ti\ccs1271\ccs\tools\compiler\ti-cgt-c2000_22.6.1.LTS\lib\</path>
         <kind>archive</kind>
         <file>rts2800_fpu32.lib</file>
         <name>memcpy.c.obj</name>
      </input_file>
      <input_file id="fl-29">
         <path>C:\ti\ccs1271\ccs\tools\compiler\ti-cgt-c2000_22.6.1.LTS\lib\</path>
         <kind>archive</kind>
         <file>rts2800_fpu32.lib</file>
         <name>pre_init.c.obj</name>
      </input_file>
      <input_file id="fl-2a">
         <path>C:\ti\ccs1271\ccs\tools\compiler\ti-cgt-c2000_22.6.1.LTS\lib\</path>
         <kind>archive</kind>
         <file>rts2800_fpu32.lib</file>
         <name>startup.c.obj</name>
      </input_file>
      <input_file id="fl-2b">
         <path>C:\ti\ccs1271\ccs\tools\compiler\ti-cgt-c2000_22.6.1.LTS\lib\</path>
         <kind>archive</kind>
         <file>rts2800_fpu32.lib</file>
         <name>exit.c.obj</name>
      </input_file>
      <input_file id="fl-2c">
         <path>C:\ti\ccs1271\ccs\tools\compiler\ti-cgt-c2000_22.6.1.LTS\lib\</path>
         <kind>archive</kind>
         <file>rts2800_fpu32.lib</file>
         <name>_lock.c.obj</name>
      </input_file>
      <input_file id="fl-2d">
         <path>C:\ti\ccs1271\ccs\tools\compiler\ti-cgt-c2000_22.6.1.LTS\lib\</path>
         <kind>archive</kind>
         <file>rts2800_fpu32.lib</file>
         <name>args_main.c.obj</name>
      </input_file>
      <input_file id="fl-2e">
         <path>C:\ti\ccs1271\ccs\tools\compiler\ti-cgt-c2000_22.6.1.LTS\lib\</path>
         <kind>archive</kind>
         <file>rts2800_fpu32.lib</file>
         <name>s_floorf.c.obj</name>
      </input_file>
   </input_file_list>
   <object_component_list>
      <object_component id="oc-115">
         <name>.cinit</name>
         <load_address>0x3dc752</load_address>
         <run_address>0x3dc752</run_address>
         <size>0x36</size>
         <input_file_ref idref="fl-1d"/>
      </object_component>
      <object_component id="oc-109">
         <name>.cinit</name>
         <load_address>0x3dc788</load_address>
         <run_address>0x3dc788</run_address>
         <size>0x1d</size>
         <input_file_ref idref="fl-1b"/>
      </object_component>
      <object_component id="oc-142">
         <name>.cinit</name>
         <load_address>0x3dc7a5</load_address>
         <run_address>0x3dc7a5</run_address>
         <size>0xe</size>
         <input_file_ref idref="fl-2b"/>
      </object_component>
      <object_component id="oc-102">
         <name>.cinit</name>
         <load_address>0x3dc7b3</load_address>
         <run_address>0x3dc7b3</run_address>
         <size>0xd</size>
         <input_file_ref idref="fl-1a"/>
      </object_component>
      <object_component id="oc-177">
         <name>.cinit:_LTC6804_init_table</name>
         <load_address>0x3dc7c0</load_address>
         <run_address>0x3dc7c0</run_address>
         <size>0x9</size>
         <input_file_ref idref="fl-19"/>
      </object_component>
      <object_component id="oc-62">
         <name>.cinit</name>
         <load_address>0x3dc7c9</load_address>
         <run_address>0x3dc7c9</run_address>
         <size>0x5</size>
         <input_file_ref idref="fl-5"/>
      </object_component>
      <object_component id="oc-164">
         <name>.cinit:__lock</name>
         <load_address>0x3dc7ce</load_address>
         <run_address>0x3dc7ce</run_address>
         <size>0x5</size>
         <input_file_ref idref="fl-2c"/>
      </object_component>
      <object_component id="oc-173">
         <name>.cinit:__unlock</name>
         <load_address>0x3dc7d3</load_address>
         <run_address>0x3dc7d3</run_address>
         <size>0x5</size>
         <input_file_ref idref="fl-2c"/>
      </object_component>
      <object_component id="oc-f4">
         <name>.cinit</name>
         <load_address>0x3dc7d8</load_address>
         <run_address>0x3dc7d8</run_address>
         <size>0x4</size>
         <input_file_ref idref="fl-18"/>
      </object_component>
      <object_component id="oc-fb">
         <name>.cinit</name>
         <load_address>0x3dc7dc</load_address>
         <run_address>0x3dc7dc</run_address>
         <size>0x4</size>
         <input_file_ref idref="fl-19"/>
      </object_component>
      <object_component id="oc-158">
         <name>.text</name>
         <load_address>0x3d8000</load_address>
         <run_address>0x3d8000</run_address>
         <size>0x157e</size>
         <input_file_ref idref="fl-1a"/>
      </object_component>
      <object_component id="oc-170">
         <name>.text</name>
         <load_address>0x3d957e</load_address>
         <run_address>0x3d957e</run_address>
         <size>0xb3b</size>
         <input_file_ref idref="fl-19"/>
      </object_component>
      <object_component id="oc-117">
         <name>.text:retain</name>
         <load_address>0x3da0b9</load_address>
         <run_address>0x3da0b9</run_address>
         <size>0x7cb</size>
         <input_file_ref idref="fl-1d"/>
      </object_component>
      <object_component id="oc-162">
         <name>.text</name>
         <load_address>0x3da884</load_address>
         <run_address>0x3da884</run_address>
         <size>0x787</size>
         <input_file_ref idref="fl-1d"/>
      </object_component>
      <object_component id="oc-6e">
         <name>.text:retain</name>
         <load_address>0x3db00b</load_address>
         <run_address>0x3db00b</run_address>
         <size>0x39b</size>
         <input_file_ref idref="fl-7"/>
      </object_component>
      <object_component id="oc-171">
         <name>.text</name>
         <load_address>0x3db3a6</load_address>
         <run_address>0x3db3a6</run_address>
         <size>0x389</size>
         <input_file_ref idref="fl-1b"/>
      </object_component>
      <object_component id="oc-16b">
         <name>.text</name>
         <load_address>0x3db72f</load_address>
         <run_address>0x3db72f</run_address>
         <size>0x35f</size>
         <input_file_ref idref="fl-9"/>
      </object_component>
      <object_component id="oc-159">
         <name>.text</name>
         <load_address>0x3dba8e</load_address>
         <run_address>0x3dba8e</run_address>
         <size>0x30c</size>
         <input_file_ref idref="fl-18"/>
      </object_component>
      <object_component id="oc-16f">
         <name>.text</name>
         <load_address>0x3dbd9a</load_address>
         <run_address>0x3dbd9a</run_address>
         <size>0x243</size>
         <input_file_ref idref="fl-1c"/>
      </object_component>
      <object_component id="oc-166">
         <name>.text</name>
         <load_address>0x3dbfdd</load_address>
         <run_address>0x3dbfdd</run_address>
         <size>0x194</size>
         <input_file_ref idref="fl-16"/>
      </object_component>
      <object_component id="oc-169">
         <name>.text</name>
         <load_address>0x3dc171</load_address>
         <run_address>0x3dc171</run_address>
         <size>0x121</size>
         <input_file_ref idref="fl-d"/>
      </object_component>
      <object_component id="oc-128">
         <name>.text</name>
         <load_address>0x3dc292</load_address>
         <run_address>0x3dc292</run_address>
         <size>0x88</size>
         <input_file_ref idref="fl-26"/>
      </object_component>
      <object_component id="oc-16a">
         <name>.text</name>
         <load_address>0x3dc31a</load_address>
         <run_address>0x3dc31a</run_address>
         <size>0x7e</size>
         <input_file_ref idref="fl-15"/>
      </object_component>
      <object_component id="oc-16e">
         <name>.text</name>
         <load_address>0x3dc398</load_address>
         <run_address>0x3dc398</run_address>
         <size>0x79</size>
         <input_file_ref idref="fl-5"/>
      </object_component>
      <object_component id="oc-165">
         <name>.text</name>
         <load_address>0x3dc411</load_address>
         <run_address>0x3dc411</run_address>
         <size>0x59</size>
         <input_file_ref idref="fl-2e"/>
      </object_component>
      <object_component id="oc-121">
         <name>.text</name>
         <load_address>0x3dc46a</load_address>
         <run_address>0x3dc46a</run_address>
         <size>0x56</size>
         <input_file_ref idref="fl-25"/>
      </object_component>
      <object_component id="oc-15f">
         <name>.text</name>
         <load_address>0x3dc4c0</load_address>
         <run_address>0x3dc4c0</run_address>
         <size>0x39</size>
         <input_file_ref idref="fl-24"/>
      </object_component>
      <object_component id="oc-15e">
         <name>.text</name>
         <load_address>0x3dc4f9</load_address>
         <run_address>0x3dc4f9</run_address>
         <size>0x29</size>
         <input_file_ref idref="fl-2b"/>
      </object_component>
      <object_component id="oc-167">
         <name>.text</name>
         <load_address>0x3dc522</load_address>
         <run_address>0x3dc522</run_address>
         <size>0x28</size>
         <input_file_ref idref="fl-12"/>
      </object_component>
      <object_component id="oc-168">
         <name>.text</name>
         <load_address>0x3dc54a</load_address>
         <run_address>0x3dc54a</run_address>
         <size>0x26</size>
         <input_file_ref idref="fl-13"/>
      </object_component>
      <object_component id="oc-15b">
         <name>.text</name>
         <load_address>0x3dc570</load_address>
         <run_address>0x3dc570</run_address>
         <size>0x24</size>
         <input_file_ref idref="fl-27"/>
      </object_component>
      <object_component id="oc-161">
         <name>.text</name>
         <load_address>0x3dc594</load_address>
         <run_address>0x3dc594</run_address>
         <size>0x1d</size>
         <input_file_ref idref="fl-28"/>
      </object_component>
      <object_component id="oc-16c">
         <name>.text</name>
         <load_address>0x3dc5b1</load_address>
         <run_address>0x3dc5b1</run_address>
         <size>0x13</size>
         <input_file_ref idref="fl-10"/>
      </object_component>
      <object_component id="oc-15d">
         <name>.text</name>
         <load_address>0x3dc5c4</load_address>
         <run_address>0x3dc5c4</run_address>
         <size>0x12</size>
         <input_file_ref idref="fl-2d"/>
      </object_component>
      <object_component id="oc-172">
         <name>.text</name>
         <load_address>0x3dc5d6</load_address>
         <run_address>0x3dc5d6</run_address>
         <size>0x9</size>
         <input_file_ref idref="fl-2c"/>
      </object_component>
      <object_component id="oc-5b">
         <name>.text</name>
         <load_address>0x3dc5df</load_address>
         <run_address>0x3dc5df</run_address>
         <size>0x8</size>
         <input_file_ref idref="fl-4"/>
      </object_component>
      <object_component id="oc-68">
         <name>.text</name>
         <load_address>0x3dc5e7</load_address>
         <run_address>0x3dc5e7</run_address>
         <size>0x3</size>
         <input_file_ref idref="fl-6"/>
      </object_component>
      <object_component id="oc-15a">
         <name>.text</name>
         <load_address>0x3dc5ea</load_address>
         <run_address>0x3dc5ea</run_address>
         <size>0x2</size>
         <input_file_ref idref="fl-29"/>
      </object_component>
      <object_component id="oc-15c">
         <name>.text</name>
         <load_address>0x3dc5ec</load_address>
         <run_address>0x3dc5ec</run_address>
         <size>0x1</size>
         <input_file_ref idref="fl-2a"/>
      </object_component>
      <object_component id="oc-5c">
         <name>codestart</name>
         <load_address>0x3f7ff6</load_address>
         <run_address>0x3f7ff6</run_address>
         <size>0x2</size>
         <input_file_ref idref="fl-4"/>
      </object_component>
      <object_component id="oc-16d">
         <name>ramfuncs</name>
         <load_address>0x3dc5ed</load_address>
         <run_address>0x8000</run_address>
         <size>0x1b</size>
         <input_file_ref idref="fl-16"/>
      </object_component>
      <object_component id="oc-ee">
         <name>ramfuncs</name>
         <load_address>0x3dc608</load_address>
         <run_address>0x801b</run_address>
         <size>0x4</size>
         <input_file_ref idref="fl-17"/>
      </object_component>
      <object_component id="oc-59">
         <name>csmpasswds</name>
         <load_address>0x3f7ff8</load_address>
         <run_address>0x3f7ff8</run_address>
         <size>0x8</size>
         <input_file_ref idref="fl-3"/>
      </object_component>
      <object_component id="oc-5a">
         <name>csm_rsvd</name>
         <load_address>0x3f7f80</load_address>
         <run_address>0x3f7f80</run_address>
         <size>0x76</size>
         <input_file_ref idref="fl-3"/>
      </object_component>
      <object_component id="oc-122">
         <name>.stack</name>
         <uninitialized>true</uninitialized>
         <run_address>0x50</run_address>
         <size>0x0</size>
         <input_file_ref idref="fl-25"/>
      </object_component>
      <object_component id="oc-1db">
         <name>.stack</name>
         <uninitialized>true</uninitialized>
         <run_address>0x50</run_address>
         <size>0x0</size>
      </object_component>
      <object_component id="oc-63">
         <name>.ebss</name>
         <uninitialized>true</uninitialized>
         <run_address>0xa940</run_address>
         <size>0x1a</size>
         <input_file_ref idref="fl-5"/>
      </object_component>
      <object_component id="oc-f5">
         <name>.ebss</name>
         <uninitialized>true</uninitialized>
         <run_address>0xa9a4</run_address>
         <size>0x1</size>
         <input_file_ref idref="fl-18"/>
      </object_component>
      <object_component id="oc-fc">
         <name>.ebss</name>
         <uninitialized>true</uninitialized>
         <run_address>0xa95a</run_address>
         <size>0x14</size>
         <input_file_ref idref="fl-19"/>
      </object_component>
      <object_component id="oc-176">
         <name>.ebss:_LTC6804_init_table</name>
         <uninitialized>true</uninitialized>
         <run_address>0xa7ba</run_address>
         <size>0x6</size>
         <input_file_ref idref="fl-19"/>
      </object_component>
      <object_component id="oc-175">
         <name>.ebss:_pec15Table</name>
         <uninitialized>true</uninitialized>
         <run_address>0xa7c0</run_address>
         <size>0x100</size>
         <input_file_ref idref="fl-19"/>
      </object_component>
      <object_component id="oc-103">
         <name>.ebss</name>
         <uninitialized>true</uninitialized>
         <run_address>0xa93c</run_address>
         <size>0x4</size>
         <input_file_ref idref="fl-1a"/>
      </object_component>
      <object_component id="oc-10a">
         <name>.ebss</name>
         <uninitialized>true</uninitialized>
         <run_address>0xa990</run_address>
         <size>0xc</size>
         <input_file_ref idref="fl-1b"/>
      </object_component>
      <object_component id="oc-179">
         <name>.ebss:_txBuf</name>
         <uninitialized>true</uninitialized>
         <run_address>0xa980</run_address>
         <size>0x10</size>
         <input_file_ref idref="fl-1b"/>
      </object_component>
      <object_component id="oc-17a">
         <name>.ebss:_rxBuf</name>
         <uninitialized>true</uninitialized>
         <run_address>0xa96e</run_address>
         <size>0x10</size>
         <input_file_ref idref="fl-1b"/>
      </object_component>
      <object_component id="oc-17e">
         <name>.ebss:_testTXbuf</name>
         <uninitialized>true</uninitialized>
         <run_address>0xa91e</run_address>
         <size>0x1e</size>
         <input_file_ref idref="fl-1b"/>
      </object_component>
      <object_component id="oc-17f">
         <name>.ebss:_testRXbuf</name>
         <uninitialized>true</uninitialized>
         <run_address>0xa900</run_address>
         <size>0x1e</size>
         <input_file_ref idref="fl-1b"/>
      </object_component>
      <object_component id="oc-17b">
         <name>.ebss:_buf$1</name>
         <uninitialized>true</uninitialized>
         <run_address>0xa79a</run_address>
         <size>0x20</size>
         <input_file_ref idref="fl-1b"/>
      </object_component>
      <object_component id="oc-17c">
         <name>.ebss:_buf$2</name>
         <uninitialized>true</uninitialized>
         <run_address>0xa8c0</run_address>
         <size>0x20</size>
         <input_file_ref idref="fl-1b"/>
      </object_component>
      <object_component id="oc-17d">
         <name>.ebss:_buf$4</name>
         <uninitialized>true</uninitialized>
         <run_address>0xa8e0</run_address>
         <size>0x20</size>
         <input_file_ref idref="fl-1b"/>
      </object_component>
      <object_component id="oc-116">
         <name>.ebss</name>
         <uninitialized>true</uninitialized>
         <run_address>0xa000</run_address>
         <size>0x79a</size>
         <input_file_ref idref="fl-1d"/>
      </object_component>
      <object_component id="oc-143">
         <name>.ebss</name>
         <uninitialized>true</uninitialized>
         <run_address>0xa99c</run_address>
         <size>0x6</size>
         <input_file_ref idref="fl-2b"/>
      </object_component>
      <object_component id="oc-163">
         <name>.ebss:__lock</name>
         <uninitialized>true</uninitialized>
         <run_address>0xa97e</run_address>
         <size>0x2</size>
         <input_file_ref idref="fl-2c"/>
      </object_component>
      <object_component id="oc-180">
         <name>.ebss:__unlock</name>
         <uninitialized>true</uninitialized>
         <run_address>0xa9a2</run_address>
         <size>0x2</size>
         <input_file_ref idref="fl-2c"/>
      </object_component>
      <object_component id="oc-174">
         <name>.econst:_PieVectTableInit</name>
         <load_address>0x3dc60c</load_address>
         <run_address>0x3dc60c</run_address>
         <size>0x100</size>
         <input_file_ref idref="fl-13"/>
      </object_component>
      <object_component id="oc-160">
         <name>.econst:_EVE_LF230_OCV_TABLE</name>
         <load_address>0x3dc70c</load_address>
         <run_address>0x3dc70c</run_address>
         <size>0x44</size>
         <input_file_ref idref="fl-18"/>
      </object_component>
      <object_component id="oc-153">
         <name>.econst</name>
         <load_address>0x3dc750</load_address>
         <run_address>0x3dc750</run_address>
         <size>0x2</size>
         <input_file_ref idref="fl-2e"/>
      </object_component>
      <object_component id="oc-178">
         <name>.switch:_SlaveBMSDigiteldoutOHandler</name>
         <load_address>0x3dc7e0</load_address>
         <run_address>0x3dc7e0</run_address>
         <size>0x18</size>
         <input_file_ref idref="fl-19"/>
      </object_component>
      <object_component id="oc-123">
         <name>.reset</name>
         <load_address>0x3fffc0</load_address>
         <run_address>0x3fffc0</run_address>
         <size>0x2</size>
         <input_file_ref idref="fl-25"/>
      </object_component>
      <object_component id="oc-bf">
         <name>PieVectTableFile</name>
         <uninitialized>true</uninitialized>
         <run_address>0xd00</run_address>
         <size>0x100</size>
         <input_file_ref idref="fl-c"/>
      </object_component>
      <object_component id="oc-89">
         <name>EmuKeyVar</name>
         <uninitialized>true</uninitialized>
         <run_address>0xd00</run_address>
         <size>0x1</size>
         <input_file_ref idref="fl-c"/>
      </object_component>
      <object_component id="oc-8a">
         <name>EmuBModeVar</name>
         <uninitialized>true</uninitialized>
         <run_address>0xd01</run_address>
         <size>0x1</size>
         <input_file_ref idref="fl-c"/>
      </object_component>
      <object_component id="oc-8c">
         <name>FlashCallbackVar</name>
         <uninitialized>true</uninitialized>
         <run_address>0xd02</run_address>
         <size>0x2</size>
         <input_file_ref idref="fl-c"/>
      </object_component>
      <object_component id="oc-8b">
         <name>FlashScalingVar</name>
         <uninitialized>true</uninitialized>
         <run_address>0xd04</run_address>
         <size>0x2</size>
         <input_file_ref idref="fl-c"/>
      </object_component>
      <object_component id="oc-8e">
         <name>DevEmuRegsFile</name>
         <uninitialized>true</uninitialized>
         <run_address>0x880</run_address>
         <size>0x4</size>
         <input_file_ref idref="fl-c"/>
      </object_component>
      <object_component id="oc-8d">
         <name>SysPwrCtrlRegsFile</name>
         <uninitialized>true</uninitialized>
         <run_address>0x985</run_address>
         <size>0x3</size>
         <input_file_ref idref="fl-c"/>
      </object_component>
      <object_component id="oc-93">
         <name>FlashRegsFile</name>
         <uninitialized>true</uninitialized>
         <run_address>0xa80</run_address>
         <size>0x8</size>
         <input_file_ref idref="fl-c"/>
      </object_component>
      <object_component id="oc-95">
         <name>CsmRegsFile</name>
         <uninitialized>true</uninitialized>
         <run_address>0xae0</run_address>
         <size>0x10</size>
         <input_file_ref idref="fl-c"/>
      </object_component>
      <object_component id="oc-94">
         <name>AdcResultFile</name>
         <uninitialized>true</uninitialized>
         <run_address>0xb00</run_address>
         <size>0x10</size>
         <input_file_ref idref="fl-c"/>
      </object_component>
      <object_component id="oc-8f">
         <name>CpuTimer0RegsFile</name>
         <uninitialized>true</uninitialized>
         <run_address>0xc00</run_address>
         <size>0x8</size>
         <input_file_ref idref="fl-c"/>
      </object_component>
      <object_component id="oc-90">
         <name>CpuTimer1RegsFile</name>
         <uninitialized>true</uninitialized>
         <run_address>0xc08</run_address>
         <size>0x8</size>
         <input_file_ref idref="fl-c"/>
      </object_component>
      <object_component id="oc-91">
         <name>CpuTimer2RegsFile</name>
         <uninitialized>true</uninitialized>
         <run_address>0xc10</run_address>
         <size>0x8</size>
         <input_file_ref idref="fl-c"/>
      </object_component>
      <object_component id="oc-9f">
         <name>PieCtrlRegsFile</name>
         <uninitialized>true</uninitialized>
         <run_address>0xce0</run_address>
         <size>0x1a</size>
         <input_file_ref idref="fl-c"/>
      </object_component>
      <object_component id="oc-af">
         <name>Cla1RegsFile</name>
         <uninitialized>true</uninitialized>
         <run_address>0x1400</run_address>
         <size>0x40</size>
         <input_file_ref idref="fl-c"/>
      </object_component>
      <object_component id="oc-bd">
         <name>DmaRegsFile</name>
         <uninitialized>true</uninitialized>
         <run_address>0x1000</run_address>
         <size>0xe0</size>
         <input_file_ref idref="fl-c"/>
      </object_component>
      <object_component id="oc-ae">
         <name>ECanaRegsFile</name>
         <uninitialized>true</uninitialized>
         <run_address>0x6000</run_address>
         <size>0x34</size>
         <input_file_ref idref="fl-c"/>
      </object_component>
      <object_component id="oc-b0">
         <name>ECanaLAMRegsFile</name>
         <uninitialized>true</uninitialized>
         <run_address>0x6040</run_address>
         <size>0x40</size>
         <input_file_ref idref="fl-c"/>
      </object_component>
      <object_component id="oc-be">
         <name>ECanaMboxesFile</name>
         <uninitialized>true</uninitialized>
         <run_address>0x6100</run_address>
         <size>0x100</size>
         <input_file_ref idref="fl-c"/>
      </object_component>
      <object_component id="oc-b1">
         <name>ECanaMOTSRegsFile</name>
         <uninitialized>true</uninitialized>
         <run_address>0x6080</run_address>
         <size>0x40</size>
         <input_file_ref idref="fl-c"/>
      </object_component>
      <object_component id="oc-b2">
         <name>ECanaMOTORegsFile</name>
         <uninitialized>true</uninitialized>
         <run_address>0x60c0</run_address>
         <size>0x40</size>
         <input_file_ref idref="fl-c"/>
      </object_component>
      <object_component id="oc-a0">
         <name>ECap1RegsFile</name>
         <uninitialized>true</uninitialized>
         <run_address>0x6a00</run_address>
         <size>0x20</size>
         <input_file_ref idref="fl-c"/>
      </object_component>
      <object_component id="oc-a1">
         <name>ECap2RegsFile</name>
         <uninitialized>true</uninitialized>
         <run_address>0x6a20</run_address>
         <size>0x20</size>
         <input_file_ref idref="fl-c"/>
      </object_component>
      <object_component id="oc-a2">
         <name>ECap3RegsFile</name>
         <uninitialized>true</uninitialized>
         <run_address>0x6a40</run_address>
         <size>0x20</size>
         <input_file_ref idref="fl-c"/>
      </object_component>
      <object_component id="oc-a9">
         <name>EQep1RegsFile</name>
         <uninitialized>true</uninitialized>
         <run_address>0x6b00</run_address>
         <size>0x22</size>
         <input_file_ref idref="fl-c"/>
      </object_component>
      <object_component id="oc-aa">
         <name>EQep2RegsFile</name>
         <uninitialized>true</uninitialized>
         <run_address>0x6b40</run_address>
         <size>0x22</size>
         <input_file_ref idref="fl-c"/>
      </object_component>
      <object_component id="oc-bb">
         <name>GpioCtrlRegsFile</name>
         <uninitialized>true</uninitialized>
         <run_address>0x6f80</run_address>
         <size>0x40</size>
         <input_file_ref idref="fl-c"/>
      </object_component>
      <object_component id="oc-a3">
         <name>GpioDataRegsFile</name>
         <uninitialized>true</uninitialized>
         <run_address>0x6fc0</run_address>
         <size>0x20</size>
         <input_file_ref idref="fl-c"/>
      </object_component>
      <object_component id="oc-a4">
         <name>GpioIntRegsFile</name>
         <uninitialized>true</uninitialized>
         <run_address>0x6fe0</run_address>
         <size>0x20</size>
         <input_file_ref idref="fl-c"/>
      </object_component>
      <object_component id="oc-a5">
         <name>HRCap1RegsFile</name>
         <uninitialized>true</uninitialized>
         <run_address>0x6ac0</run_address>
         <size>0x20</size>
         <input_file_ref idref="fl-c"/>
      </object_component>
      <object_component id="oc-a6">
         <name>HRCap2RegsFile</name>
         <uninitialized>true</uninitialized>
         <run_address>0x6ae0</run_address>
         <size>0x20</size>
         <input_file_ref idref="fl-c"/>
      </object_component>
      <object_component id="oc-a7">
         <name>HRCap3RegsFile</name>
         <uninitialized>true</uninitialized>
         <run_address>0x6c80</run_address>
         <size>0x20</size>
         <input_file_ref idref="fl-c"/>
      </object_component>
      <object_component id="oc-a8">
         <name>HRCap4RegsFile</name>
         <uninitialized>true</uninitialized>
         <run_address>0x6ca0</run_address>
         <size>0x20</size>
         <input_file_ref idref="fl-c"/>
      </object_component>
      <object_component id="oc-ad">
         <name>SysCtrlRegsFile</name>
         <uninitialized>true</uninitialized>
         <run_address>0x7010</run_address>
         <size>0x30</size>
         <input_file_ref idref="fl-c"/>
      </object_component>
      <object_component id="oc-99">
         <name>SpiaRegsFile</name>
         <uninitialized>true</uninitialized>
         <run_address>0x7040</run_address>
         <size>0x10</size>
         <input_file_ref idref="fl-c"/>
      </object_component>
      <object_component id="oc-9a">
         <name>SpibRegsFile</name>
         <uninitialized>true</uninitialized>
         <run_address>0x7740</run_address>
         <size>0x10</size>
         <input_file_ref idref="fl-c"/>
      </object_component>
      <object_component id="oc-97">
         <name>SciaRegsFile</name>
         <uninitialized>true</uninitialized>
         <run_address>0x7050</run_address>
         <size>0x10</size>
         <input_file_ref idref="fl-c"/>
      </object_component>
      <object_component id="oc-98">
         <name>ScibRegsFile</name>
         <uninitialized>true</uninitialized>
         <run_address>0x7750</run_address>
         <size>0x10</size>
         <input_file_ref idref="fl-c"/>
      </object_component>
      <object_component id="oc-96">
         <name>NmiIntruptRegsFile</name>
         <uninitialized>true</uninitialized>
         <run_address>0x7060</run_address>
         <size>0x10</size>
         <input_file_ref idref="fl-c"/>
      </object_component>
      <object_component id="oc-9b">
         <name>XIntruptRegsFile</name>
         <uninitialized>true</uninitialized>
         <run_address>0x7070</run_address>
         <size>0x10</size>
         <input_file_ref idref="fl-c"/>
      </object_component>
      <object_component id="oc-bc">
         <name>AdcRegsFile</name>
         <uninitialized>true</uninitialized>
         <run_address>0x7100</run_address>
         <size>0x50</size>
         <input_file_ref idref="fl-c"/>
      </object_component>
      <object_component id="oc-ab">
         <name>I2caRegsFile</name>
         <uninitialized>true</uninitialized>
         <run_address>0x7900</run_address>
         <size>0x22</size>
         <input_file_ref idref="fl-c"/>
      </object_component>
      <object_component id="oc-9c">
         <name>Comp1RegsFile</name>
         <uninitialized>true</uninitialized>
         <run_address>0x6400</run_address>
         <size>0x14</size>
         <input_file_ref idref="fl-c"/>
      </object_component>
      <object_component id="oc-9d">
         <name>Comp2RegsFile</name>
         <uninitialized>true</uninitialized>
         <run_address>0x6420</run_address>
         <size>0x14</size>
         <input_file_ref idref="fl-c"/>
      </object_component>
      <object_component id="oc-9e">
         <name>Comp3RegsFile</name>
         <uninitialized>true</uninitialized>
         <run_address>0x6440</run_address>
         <size>0x14</size>
         <input_file_ref idref="fl-c"/>
      </object_component>
      <object_component id="oc-b3">
         <name>EPwm1RegsFile</name>
         <uninitialized>true</uninitialized>
         <run_address>0x6800</run_address>
         <size>0x40</size>
         <input_file_ref idref="fl-c"/>
      </object_component>
      <object_component id="oc-b4">
         <name>EPwm2RegsFile</name>
         <uninitialized>true</uninitialized>
         <run_address>0x6840</run_address>
         <size>0x40</size>
         <input_file_ref idref="fl-c"/>
      </object_component>
      <object_component id="oc-b5">
         <name>EPwm3RegsFile</name>
         <uninitialized>true</uninitialized>
         <run_address>0x6880</run_address>
         <size>0x40</size>
         <input_file_ref idref="fl-c"/>
      </object_component>
      <object_component id="oc-b6">
         <name>EPwm4RegsFile</name>
         <uninitialized>true</uninitialized>
         <run_address>0x68c0</run_address>
         <size>0x40</size>
         <input_file_ref idref="fl-c"/>
      </object_component>
      <object_component id="oc-b7">
         <name>EPwm5RegsFile</name>
         <uninitialized>true</uninitialized>
         <run_address>0x6900</run_address>
         <size>0x40</size>
         <input_file_ref idref="fl-c"/>
      </object_component>
      <object_component id="oc-b8">
         <name>EPwm6RegsFile</name>
         <uninitialized>true</uninitialized>
         <run_address>0x6940</run_address>
         <size>0x40</size>
         <input_file_ref idref="fl-c"/>
      </object_component>
      <object_component id="oc-b9">
         <name>EPwm7RegsFile</name>
         <uninitialized>true</uninitialized>
         <run_address>0x6980</run_address>
         <size>0x40</size>
         <input_file_ref idref="fl-c"/>
      </object_component>
      <object_component id="oc-ba">
         <name>EPwm8RegsFile</name>
         <uninitialized>true</uninitialized>
         <run_address>0x69c0</run_address>
         <size>0x40</size>
         <input_file_ref idref="fl-c"/>
      </object_component>
      <object_component id="oc-ac">
         <name>McbspaRegsFile</name>
         <uninitialized>true</uninitialized>
         <run_address>0x5000</run_address>
         <size>0x24</size>
         <input_file_ref idref="fl-c"/>
      </object_component>
      <object_component id="oc-c0">
         <name>Usb0RegsFile</name>
         <uninitialized>true</uninitialized>
         <run_address>0x4000</run_address>
         <size>0x454</size>
         <input_file_ref idref="fl-c"/>
      </object_component>
      <object_component id="oc-92">
         <name>CsmPwlFile</name>
         <uninitialized>true</uninitialized>
         <run_address>0x3f7ff8</run_address>
         <size>0x8</size>
         <input_file_ref idref="fl-c"/>
      </object_component>
      <object_component id="oc-88">
         <name>PartIdRegsFile</name>
         <uninitialized>true</uninitialized>
         <run_address>0x3d7e80</run_address>
         <size>0x1</size>
         <input_file_ref idref="fl-c"/>
      </object_component>
      <object_component id="oc-54">
         <name>.debug_info</name>
         <load_address>0x0</load_address>
         <run_address>0x0</run_address>
         <size>0x4942</size>
         <input_file_ref idref="fl-2"/>
      </object_component>
      <object_component id="oc-5e">
         <name>.debug_info</name>
         <load_address>0x4942</load_address>
         <run_address>0x4942</run_address>
         <size>0x136</size>
         <input_file_ref idref="fl-4"/>
      </object_component>
      <object_component id="oc-61">
         <name>.debug_info</name>
         <load_address>0x4a78</load_address>
         <run_address>0x4a78</run_address>
         <size>0x9c6</size>
         <input_file_ref idref="fl-5"/>
      </object_component>
      <object_component id="oc-6a">
         <name>.debug_info</name>
         <load_address>0x543e</load_address>
         <run_address>0x543e</run_address>
         <size>0xf4</size>
         <input_file_ref idref="fl-6"/>
      </object_component>
      <object_component id="oc-6d">
         <name>.debug_info</name>
         <load_address>0x5532</load_address>
         <run_address>0x5532</run_address>
         <size>0x2ace</size>
         <input_file_ref idref="fl-7"/>
      </object_component>
      <object_component id="oc-73">
         <name>.debug_info</name>
         <load_address>0x8000</load_address>
         <run_address>0x8000</run_address>
         <size>0x16d4</size>
         <input_file_ref idref="fl-8"/>
      </object_component>
      <object_component id="oc-78">
         <name>.debug_info</name>
         <load_address>0x96d4</load_address>
         <run_address>0x96d4</run_address>
         <size>0x5c1b</size>
         <input_file_ref idref="fl-9"/>
      </object_component>
      <object_component id="oc-7d">
         <name>.debug_info</name>
         <load_address>0xf2ef</load_address>
         <run_address>0xf2ef</run_address>
         <size>0x1879</size>
         <input_file_ref idref="fl-a"/>
      </object_component>
      <object_component id="oc-82">
         <name>.debug_info</name>
         <load_address>0x10b68</load_address>
         <run_address>0x10b68</run_address>
         <size>0x334</size>
         <input_file_ref idref="fl-b"/>
      </object_component>
      <object_component id="oc-87">
         <name>.debug_info</name>
         <load_address>0x10e9c</load_address>
         <run_address>0x10e9c</run_address>
         <size>0x1b031</size>
         <input_file_ref idref="fl-c"/>
      </object_component>
      <object_component id="oc-c2">
         <name>.debug_info</name>
         <load_address>0x2becd</load_address>
         <run_address>0x2becd</run_address>
         <size>0x18dc</size>
         <input_file_ref idref="fl-d"/>
      </object_component>
      <object_component id="oc-c7">
         <name>.debug_info</name>
         <load_address>0x2d7a9</load_address>
         <run_address>0x2d7a9</run_address>
         <size>0x183</size>
         <input_file_ref idref="fl-e"/>
      </object_component>
      <object_component id="oc-c9">
         <name>.debug_info</name>
         <load_address>0x2d92c</load_address>
         <run_address>0x2d92c</run_address>
         <size>0x185</size>
         <input_file_ref idref="fl-f"/>
      </object_component>
      <object_component id="oc-cb">
         <name>.debug_info</name>
         <load_address>0x2dab1</load_address>
         <run_address>0x2dab1</run_address>
         <size>0x452</size>
         <input_file_ref idref="fl-10"/>
      </object_component>
      <object_component id="oc-d0">
         <name>.debug_info</name>
         <load_address>0x2df03</load_address>
         <run_address>0x2df03</run_address>
         <size>0x182c</size>
         <input_file_ref idref="fl-11"/>
      </object_component>
      <object_component id="oc-d5">
         <name>.debug_info</name>
         <load_address>0x2f72f</load_address>
         <run_address>0x2f72f</run_address>
         <size>0xb49</size>
         <input_file_ref idref="fl-12"/>
      </object_component>
      <object_component id="oc-da">
         <name>.debug_info</name>
         <load_address>0x30278</load_address>
         <run_address>0x30278</run_address>
         <size>0x2476</size>
         <input_file_ref idref="fl-13"/>
      </object_component>
      <object_component id="oc-df">
         <name>.debug_info</name>
         <load_address>0x326ee</load_address>
         <run_address>0x326ee</run_address>
         <size>0x1878</size>
         <input_file_ref idref="fl-14"/>
      </object_component>
      <object_component id="oc-e4">
         <name>.debug_info</name>
         <load_address>0x33f66</load_address>
         <run_address>0x33f66</run_address>
         <size>0x23ab</size>
         <input_file_ref idref="fl-15"/>
      </object_component>
      <object_component id="oc-e9">
         <name>.debug_info</name>
         <load_address>0x36311</load_address>
         <run_address>0x36311</run_address>
         <size>0x3efe</size>
         <input_file_ref idref="fl-16"/>
      </object_component>
      <object_component id="oc-f0">
         <name>.debug_info</name>
         <load_address>0x3a20f</load_address>
         <run_address>0x3a20f</run_address>
         <size>0xf7</size>
         <input_file_ref idref="fl-17"/>
      </object_component>
      <object_component id="oc-f3">
         <name>.debug_info</name>
         <load_address>0x3a306</load_address>
         <run_address>0x3a306</run_address>
         <size>0x1350</size>
         <input_file_ref idref="fl-18"/>
      </object_component>
      <object_component id="oc-fa">
         <name>.debug_info</name>
         <load_address>0x3b656</load_address>
         <run_address>0x3b656</run_address>
         <size>0x3524</size>
         <input_file_ref idref="fl-19"/>
      </object_component>
      <object_component id="oc-101">
         <name>.debug_info</name>
         <load_address>0x3eb7a</load_address>
         <run_address>0x3eb7a</run_address>
         <size>0xafda</size>
         <input_file_ref idref="fl-1a"/>
      </object_component>
      <object_component id="oc-108">
         <name>.debug_info</name>
         <load_address>0x49b54</load_address>
         <run_address>0x49b54</run_address>
         <size>0x21f7</size>
         <input_file_ref idref="fl-1b"/>
      </object_component>
      <object_component id="oc-10f">
         <name>.debug_info</name>
         <load_address>0x4bd4b</load_address>
         <run_address>0x4bd4b</run_address>
         <size>0xd7b</size>
         <input_file_ref idref="fl-1c"/>
      </object_component>
      <object_component id="oc-114">
         <name>.debug_info</name>
         <load_address>0x4cac6</load_address>
         <run_address>0x4cac6</run_address>
         <size>0xe7bd</size>
         <input_file_ref idref="fl-1d"/>
      </object_component>
      <object_component id="oc-11c">
         <name>.debug_info</name>
         <load_address>0x5b283</load_address>
         <run_address>0x5b283</run_address>
         <size>0x433</size>
         <input_file_ref idref="fl-24"/>
      </object_component>
      <object_component id="oc-124">
         <name>.debug_info</name>
         <load_address>0x5b6b6</load_address>
         <run_address>0x5b6b6</run_address>
         <size>0x173</size>
         <input_file_ref idref="fl-25"/>
      </object_component>
      <object_component id="oc-129">
         <name>.debug_info</name>
         <load_address>0x5b829</load_address>
         <run_address>0x5b829</run_address>
         <size>0x114</size>
         <input_file_ref idref="fl-26"/>
      </object_component>
      <object_component id="oc-12d">
         <name>.debug_info</name>
         <load_address>0x5b93d</load_address>
         <run_address>0x5b93d</run_address>
         <size>0x561</size>
         <input_file_ref idref="fl-27"/>
      </object_component>
      <object_component id="oc-132">
         <name>.debug_info</name>
         <load_address>0x5be9e</load_address>
         <run_address>0x5be9e</run_address>
         <size>0x43a</size>
         <input_file_ref idref="fl-28"/>
      </object_component>
      <object_component id="oc-137">
         <name>.debug_info</name>
         <load_address>0x5c2d8</load_address>
         <run_address>0x5c2d8</run_address>
         <size>0x3ad</size>
         <input_file_ref idref="fl-29"/>
      </object_component>
      <object_component id="oc-13c">
         <name>.debug_info</name>
         <load_address>0x5c685</load_address>
         <run_address>0x5c685</run_address>
         <size>0x3aa</size>
         <input_file_ref idref="fl-2a"/>
      </object_component>
      <object_component id="oc-141">
         <name>.debug_info</name>
         <load_address>0x5ca2f</load_address>
         <run_address>0x5ca2f</run_address>
         <size>0x544</size>
         <input_file_ref idref="fl-2b"/>
      </object_component>
      <object_component id="oc-148">
         <name>.debug_info</name>
         <load_address>0x5cf73</load_address>
         <run_address>0x5cf73</run_address>
         <size>0x4cc</size>
         <input_file_ref idref="fl-2c"/>
      </object_component>
      <object_component id="oc-14d">
         <name>.debug_info</name>
         <load_address>0x5d43f</load_address>
         <run_address>0x5d43f</run_address>
         <size>0x467</size>
         <input_file_ref idref="fl-2d"/>
      </object_component>
      <object_component id="oc-152">
         <name>.debug_info</name>
         <load_address>0x5d8a6</load_address>
         <run_address>0x5d8a6</run_address>
         <size>0x439</size>
         <input_file_ref idref="fl-2e"/>
      </object_component>
      <object_component id="oc-1dc">
         <name>.debug_info</name>
         <load_address>0x5dcdf</load_address>
         <run_address>0x5dcdf</run_address>
         <size>0x9f</size>
      </object_component>
      <object_component id="oc-55">
         <name>.debug_frame</name>
         <load_address>0x0</load_address>
         <run_address>0x0</run_address>
         <size>0x28</size>
         <input_file_ref idref="fl-2"/>
      </object_component>
      <object_component id="oc-64">
         <name>.debug_frame</name>
         <load_address>0x28</load_address>
         <run_address>0x28</run_address>
         <size>0x5c</size>
         <input_file_ref idref="fl-5"/>
      </object_component>
      <object_component id="oc-6f">
         <name>.debug_frame</name>
         <load_address>0x84</load_address>
         <run_address>0x84</run_address>
         <size>0xbb0</size>
         <input_file_ref idref="fl-7"/>
      </object_component>
      <object_component id="oc-74">
         <name>.debug_frame</name>
         <load_address>0xc34</load_address>
         <run_address>0xc34</run_address>
         <size>0x28</size>
         <input_file_ref idref="fl-8"/>
      </object_component>
      <object_component id="oc-79">
         <name>.debug_frame</name>
         <load_address>0xc5c</load_address>
         <run_address>0xc5c</run_address>
         <size>0x90</size>
         <input_file_ref idref="fl-9"/>
      </object_component>
      <object_component id="oc-7e">
         <name>.debug_frame</name>
         <load_address>0xcec</load_address>
         <run_address>0xcec</run_address>
         <size>0x28</size>
         <input_file_ref idref="fl-a"/>
      </object_component>
      <object_component id="oc-83">
         <name>.debug_frame</name>
         <load_address>0xd14</load_address>
         <run_address>0xd14</run_address>
         <size>0x28</size>
         <input_file_ref idref="fl-b"/>
      </object_component>
      <object_component id="oc-c3">
         <name>.debug_frame</name>
         <load_address>0xd3c</load_address>
         <run_address>0xd3c</run_address>
         <size>0x40</size>
         <input_file_ref idref="fl-d"/>
      </object_component>
      <object_component id="oc-cc">
         <name>.debug_frame</name>
         <load_address>0xd7c</load_address>
         <run_address>0xd7c</run_address>
         <size>0x44</size>
         <input_file_ref idref="fl-10"/>
      </object_component>
      <object_component id="oc-d1">
         <name>.debug_frame</name>
         <load_address>0xdc0</load_address>
         <run_address>0xdc0</run_address>
         <size>0x28</size>
         <input_file_ref idref="fl-11"/>
      </object_component>
      <object_component id="oc-d6">
         <name>.debug_frame</name>
         <load_address>0xde8</load_address>
         <run_address>0xde8</run_address>
         <size>0x58</size>
         <input_file_ref idref="fl-12"/>
      </object_component>
      <object_component id="oc-db">
         <name>.debug_frame</name>
         <load_address>0xe40</load_address>
         <run_address>0xe40</run_address>
         <size>0x44</size>
         <input_file_ref idref="fl-13"/>
      </object_component>
      <object_component id="oc-e0">
         <name>.debug_frame</name>
         <load_address>0xe84</load_address>
         <run_address>0xe84</run_address>
         <size>0x28</size>
         <input_file_ref idref="fl-14"/>
      </object_component>
      <object_component id="oc-e5">
         <name>.debug_frame</name>
         <load_address>0xeac</load_address>
         <run_address>0xeac</run_address>
         <size>0xa8</size>
         <input_file_ref idref="fl-15"/>
      </object_component>
      <object_component id="oc-ea">
         <name>.debug_frame</name>
         <load_address>0xf54</load_address>
         <run_address>0xf54</run_address>
         <size>0x154</size>
         <input_file_ref idref="fl-16"/>
      </object_component>
      <object_component id="oc-f6">
         <name>.debug_frame</name>
         <load_address>0x10a8</load_address>
         <run_address>0x10a8</run_address>
         <size>0x98</size>
         <input_file_ref idref="fl-18"/>
      </object_component>
      <object_component id="oc-fd">
         <name>.debug_frame</name>
         <load_address>0x1140</load_address>
         <run_address>0x1140</run_address>
         <size>0x258</size>
         <input_file_ref idref="fl-19"/>
      </object_component>
      <object_component id="oc-104">
         <name>.debug_frame</name>
         <load_address>0x1398</load_address>
         <run_address>0x1398</run_address>
         <size>0x298</size>
         <input_file_ref idref="fl-1a"/>
      </object_component>
      <object_component id="oc-10b">
         <name>.debug_frame</name>
         <load_address>0x1630</load_address>
         <run_address>0x1630</run_address>
         <size>0x13c</size>
         <input_file_ref idref="fl-1b"/>
      </object_component>
      <object_component id="oc-110">
         <name>.debug_frame</name>
         <load_address>0x176c</load_address>
         <run_address>0x176c</run_address>
         <size>0xb8</size>
         <input_file_ref idref="fl-1c"/>
      </object_component>
      <object_component id="oc-118">
         <name>.debug_frame</name>
         <load_address>0x1824</load_address>
         <run_address>0x1824</run_address>
         <size>0xf8</size>
         <input_file_ref idref="fl-1d"/>
      </object_component>
      <object_component id="oc-11d">
         <name>.debug_frame</name>
         <load_address>0x191c</load_address>
         <run_address>0x191c</run_address>
         <size>0x4c</size>
         <input_file_ref idref="fl-24"/>
      </object_component>
      <object_component id="oc-12e">
         <name>.debug_frame</name>
         <load_address>0x1968</load_address>
         <run_address>0x1968</run_address>
         <size>0x60</size>
         <input_file_ref idref="fl-27"/>
      </object_component>
      <object_component id="oc-133">
         <name>.debug_frame</name>
         <load_address>0x19c8</load_address>
         <run_address>0x19c8</run_address>
         <size>0x40</size>
         <input_file_ref idref="fl-28"/>
      </object_component>
      <object_component id="oc-138">
         <name>.debug_frame</name>
         <load_address>0x1a08</load_address>
         <run_address>0x1a08</run_address>
         <size>0x40</size>
         <input_file_ref idref="fl-29"/>
      </object_component>
      <object_component id="oc-13d">
         <name>.debug_frame</name>
         <load_address>0x1a48</load_address>
         <run_address>0x1a48</run_address>
         <size>0x40</size>
         <input_file_ref idref="fl-2a"/>
      </object_component>
      <object_component id="oc-144">
         <name>.debug_frame</name>
         <load_address>0x1a88</load_address>
         <run_address>0x1a88</run_address>
         <size>0x60</size>
         <input_file_ref idref="fl-2b"/>
      </object_component>
      <object_component id="oc-149">
         <name>.debug_frame</name>
         <load_address>0x1ae8</load_address>
         <run_address>0x1ae8</run_address>
         <size>0x70</size>
         <input_file_ref idref="fl-2c"/>
      </object_component>
      <object_component id="oc-14e">
         <name>.debug_frame</name>
         <load_address>0x1b58</load_address>
         <run_address>0x1b58</run_address>
         <size>0x40</size>
         <input_file_ref idref="fl-2d"/>
      </object_component>
      <object_component id="oc-154">
         <name>.debug_frame</name>
         <load_address>0x1b98</load_address>
         <run_address>0x1b98</run_address>
         <size>0x44</size>
         <input_file_ref idref="fl-2e"/>
      </object_component>
      <object_component id="oc-56">
         <name>.debug_line</name>
         <load_address>0x0</load_address>
         <run_address>0x0</run_address>
         <size>0x3a</size>
         <input_file_ref idref="fl-2"/>
      </object_component>
      <object_component id="oc-5d">
         <name>.debug_line</name>
         <load_address>0x3a</load_address>
         <run_address>0x3a</run_address>
         <size>0x6f</size>
         <input_file_ref idref="fl-4"/>
      </object_component>
      <object_component id="oc-65">
         <name>.debug_line</name>
         <load_address>0xa9</load_address>
         <run_address>0xa9</run_address>
         <size>0x9a</size>
         <input_file_ref idref="fl-5"/>
      </object_component>
      <object_component id="oc-69">
         <name>.debug_line</name>
         <load_address>0x143</load_address>
         <run_address>0x143</run_address>
         <size>0x4f</size>
         <input_file_ref idref="fl-6"/>
      </object_component>
      <object_component id="oc-70">
         <name>.debug_line</name>
         <load_address>0x192</load_address>
         <run_address>0x192</run_address>
         <size>0x882</size>
         <input_file_ref idref="fl-7"/>
      </object_component>
      <object_component id="oc-75">
         <name>.debug_line</name>
         <load_address>0xa14</load_address>
         <run_address>0xa14</run_address>
         <size>0x3a</size>
         <input_file_ref idref="fl-8"/>
      </object_component>
      <object_component id="oc-7a">
         <name>.debug_line</name>
         <load_address>0xa4e</load_address>
         <run_address>0xa4e</run_address>
         <size>0x22a</size>
         <input_file_ref idref="fl-9"/>
      </object_component>
      <object_component id="oc-7f">
         <name>.debug_line</name>
         <load_address>0xc78</load_address>
         <run_address>0xc78</run_address>
         <size>0x3b</size>
         <input_file_ref idref="fl-a"/>
      </object_component>
      <object_component id="oc-84">
         <name>.debug_line</name>
         <load_address>0xcb3</load_address>
         <run_address>0xcb3</run_address>
         <size>0x3b</size>
         <input_file_ref idref="fl-b"/>
      </object_component>
      <object_component id="oc-c4">
         <name>.debug_line</name>
         <load_address>0xcee</load_address>
         <run_address>0xcee</run_address>
         <size>0xcd</size>
         <input_file_ref idref="fl-d"/>
      </object_component>
      <object_component id="oc-cd">
         <name>.debug_line</name>
         <load_address>0xdbb</load_address>
         <run_address>0xdbb</run_address>
         <size>0x5f</size>
         <input_file_ref idref="fl-10"/>
      </object_component>
      <object_component id="oc-d2">
         <name>.debug_line</name>
         <load_address>0xe1a</load_address>
         <run_address>0xe1a</run_address>
         <size>0x3e</size>
         <input_file_ref idref="fl-11"/>
      </object_component>
      <object_component id="oc-d7">
         <name>.debug_line</name>
         <load_address>0xe58</load_address>
         <run_address>0xe58</run_address>
         <size>0x90</size>
         <input_file_ref idref="fl-12"/>
      </object_component>
      <object_component id="oc-dc">
         <name>.debug_line</name>
         <load_address>0xee8</load_address>
         <run_address>0xee8</run_address>
         <size>0x72</size>
         <input_file_ref idref="fl-13"/>
      </object_component>
      <object_component id="oc-e1">
         <name>.debug_line</name>
         <load_address>0xf5a</load_address>
         <run_address>0xf5a</run_address>
         <size>0x3a</size>
         <input_file_ref idref="fl-14"/>
      </object_component>
      <object_component id="oc-e6">
         <name>.debug_line</name>
         <load_address>0xf94</load_address>
         <run_address>0xf94</run_address>
         <size>0xe7</size>
         <input_file_ref idref="fl-15"/>
      </object_component>
      <object_component id="oc-eb">
         <name>.debug_line</name>
         <load_address>0x107b</load_address>
         <run_address>0x107b</run_address>
         <size>0x222</size>
         <input_file_ref idref="fl-16"/>
      </object_component>
      <object_component id="oc-ef">
         <name>.debug_line</name>
         <load_address>0x129d</load_address>
         <run_address>0x129d</run_address>
         <size>0x53</size>
         <input_file_ref idref="fl-17"/>
      </object_component>
      <object_component id="oc-f7">
         <name>.debug_line</name>
         <load_address>0x12f0</load_address>
         <run_address>0x12f0</run_address>
         <size>0x15b</size>
         <input_file_ref idref="fl-18"/>
      </object_component>
      <object_component id="oc-fe">
         <name>.debug_line</name>
         <load_address>0x144b</load_address>
         <run_address>0x144b</run_address>
         <size>0x76b</size>
         <input_file_ref idref="fl-19"/>
      </object_component>
      <object_component id="oc-105">
         <name>.debug_line</name>
         <load_address>0x1bb6</load_address>
         <run_address>0x1bb6</run_address>
         <size>0x10fa</size>
         <input_file_ref idref="fl-1a"/>
      </object_component>
      <object_component id="oc-10c">
         <name>.debug_line</name>
         <load_address>0x2cb0</load_address>
         <run_address>0x2cb0</run_address>
         <size>0x29f</size>
         <input_file_ref idref="fl-1b"/>
      </object_component>
      <object_component id="oc-111">
         <name>.debug_line</name>
         <load_address>0x2f4f</load_address>
         <run_address>0x2f4f</run_address>
         <size>0x169</size>
         <input_file_ref idref="fl-1c"/>
      </object_component>
      <object_component id="oc-119">
         <name>.debug_line</name>
         <load_address>0x30b8</load_address>
         <run_address>0x30b8</run_address>
         <size>0xa8a</size>
         <input_file_ref idref="fl-1d"/>
      </object_component>
      <object_component id="oc-11e">
         <name>.debug_line</name>
         <load_address>0x3b42</load_address>
         <run_address>0x3b42</run_address>
         <size>0x58</size>
         <input_file_ref idref="fl-24"/>
      </object_component>
      <object_component id="oc-125">
         <name>.debug_line</name>
         <load_address>0x3b9a</load_address>
         <run_address>0x3b9a</run_address>
         <size>0x7e</size>
         <input_file_ref idref="fl-25"/>
      </object_component>
      <object_component id="oc-12a">
         <name>.debug_line</name>
         <load_address>0x3c18</load_address>
         <run_address>0x3c18</run_address>
         <size>0xad</size>
         <input_file_ref idref="fl-26"/>
      </object_component>
      <object_component id="oc-12f">
         <name>.debug_line</name>
         <load_address>0x3cc5</load_address>
         <run_address>0x3cc5</run_address>
         <size>0x50</size>
         <input_file_ref idref="fl-27"/>
      </object_component>
      <object_component id="oc-134">
         <name>.debug_line</name>
         <load_address>0x3d15</load_address>
         <run_address>0x3d15</run_address>
         <size>0x62</size>
         <input_file_ref idref="fl-28"/>
      </object_component>
      <object_component id="oc-139">
         <name>.debug_line</name>
         <load_address>0x3d77</load_address>
         <run_address>0x3d77</run_address>
         <size>0x3e</size>
         <input_file_ref idref="fl-29"/>
      </object_component>
      <object_component id="oc-13e">
         <name>.debug_line</name>
         <load_address>0x3db5</load_address>
         <run_address>0x3db5</run_address>
         <size>0x3a</size>
         <input_file_ref idref="fl-2a"/>
      </object_component>
      <object_component id="oc-145">
         <name>.debug_line</name>
         <load_address>0x3def</load_address>
         <run_address>0x3def</run_address>
         <size>0x65</size>
         <input_file_ref idref="fl-2b"/>
      </object_component>
      <object_component id="oc-14a">
         <name>.debug_line</name>
         <load_address>0x3e54</load_address>
         <run_address>0x3e54</run_address>
         <size>0x5e</size>
         <input_file_ref idref="fl-2c"/>
      </object_component>
      <object_component id="oc-14f">
         <name>.debug_line</name>
         <load_address>0x3eb2</load_address>
         <run_address>0x3eb2</run_address>
         <size>0x4f</size>
         <input_file_ref idref="fl-2d"/>
      </object_component>
      <object_component id="oc-155">
         <name>.debug_line</name>
         <load_address>0x3f01</load_address>
         <run_address>0x3f01</run_address>
         <size>0x7e</size>
         <input_file_ref idref="fl-2e"/>
      </object_component>
      <object_component id="oc-57">
         <name>.debug_abbrev</name>
         <load_address>0x0</load_address>
         <run_address>0x0</run_address>
         <size>0x155</size>
         <input_file_ref idref="fl-2"/>
      </object_component>
      <object_component id="oc-5f">
         <name>.debug_abbrev</name>
         <load_address>0x155</load_address>
         <run_address>0x155</run_address>
         <size>0x21</size>
         <input_file_ref idref="fl-4"/>
      </object_component>
      <object_component id="oc-66">
         <name>.debug_abbrev</name>
         <load_address>0x176</load_address>
         <run_address>0x176</run_address>
         <size>0xfd</size>
         <input_file_ref idref="fl-5"/>
      </object_component>
      <object_component id="oc-6b">
         <name>.debug_abbrev</name>
         <load_address>0x273</load_address>
         <run_address>0x273</run_address>
         <size>0x2f</size>
         <input_file_ref idref="fl-6"/>
      </object_component>
      <object_component id="oc-71">
         <name>.debug_abbrev</name>
         <load_address>0x2a2</load_address>
         <run_address>0x2a2</run_address>
         <size>0xde</size>
         <input_file_ref idref="fl-7"/>
      </object_component>
      <object_component id="oc-76">
         <name>.debug_abbrev</name>
         <load_address>0x380</load_address>
         <run_address>0x380</run_address>
         <size>0x128</size>
         <input_file_ref idref="fl-8"/>
      </object_component>
      <object_component id="oc-7b">
         <name>.debug_abbrev</name>
         <load_address>0x4a8</load_address>
         <run_address>0x4a8</run_address>
         <size>0x151</size>
         <input_file_ref idref="fl-9"/>
      </object_component>
      <object_component id="oc-80">
         <name>.debug_abbrev</name>
         <load_address>0x5f9</load_address>
         <run_address>0x5f9</run_address>
         <size>0x103</size>
         <input_file_ref idref="fl-a"/>
      </object_component>
      <object_component id="oc-85">
         <name>.debug_abbrev</name>
         <load_address>0x6fc</load_address>
         <run_address>0x6fc</run_address>
         <size>0x63</size>
         <input_file_ref idref="fl-b"/>
      </object_component>
      <object_component id="oc-c1">
         <name>.debug_abbrev</name>
         <load_address>0x75f</load_address>
         <run_address>0x75f</run_address>
         <size>0xc4</size>
         <input_file_ref idref="fl-c"/>
      </object_component>
      <object_component id="oc-c5">
         <name>.debug_abbrev</name>
         <load_address>0x823</load_address>
         <run_address>0x823</run_address>
         <size>0xdc</size>
         <input_file_ref idref="fl-d"/>
      </object_component>
      <object_component id="oc-c8">
         <name>.debug_abbrev</name>
         <load_address>0x8ff</load_address>
         <run_address>0x8ff</run_address>
         <size>0x21</size>
         <input_file_ref idref="fl-e"/>
      </object_component>
      <object_component id="oc-ca">
         <name>.debug_abbrev</name>
         <load_address>0x920</load_address>
         <run_address>0x920</run_address>
         <size>0x21</size>
         <input_file_ref idref="fl-f"/>
      </object_component>
      <object_component id="oc-ce">
         <name>.debug_abbrev</name>
         <load_address>0x941</load_address>
         <run_address>0x941</run_address>
         <size>0x93</size>
         <input_file_ref idref="fl-10"/>
      </object_component>
      <object_component id="oc-d3">
         <name>.debug_abbrev</name>
         <load_address>0x9d4</load_address>
         <run_address>0x9d4</run_address>
         <size>0x13e</size>
         <input_file_ref idref="fl-11"/>
      </object_component>
      <object_component id="oc-d8">
         <name>.debug_abbrev</name>
         <load_address>0xb12</load_address>
         <run_address>0xb12</run_address>
         <size>0xc8</size>
         <input_file_ref idref="fl-12"/>
      </object_component>
      <object_component id="oc-dd">
         <name>.debug_abbrev</name>
         <load_address>0xbda</load_address>
         <run_address>0xbda</run_address>
         <size>0x116</size>
         <input_file_ref idref="fl-13"/>
      </object_component>
      <object_component id="oc-e2">
         <name>.debug_abbrev</name>
         <load_address>0xcf0</load_address>
         <run_address>0xcf0</run_address>
         <size>0xea</size>
         <input_file_ref idref="fl-14"/>
      </object_component>
      <object_component id="oc-e7">
         <name>.debug_abbrev</name>
         <load_address>0xdda</load_address>
         <run_address>0xdda</run_address>
         <size>0x146</size>
         <input_file_ref idref="fl-15"/>
      </object_component>
      <object_component id="oc-ec">
         <name>.debug_abbrev</name>
         <load_address>0xf20</load_address>
         <run_address>0xf20</run_address>
         <size>0x1a3</size>
         <input_file_ref idref="fl-16"/>
      </object_component>
      <object_component id="oc-f1">
         <name>.debug_abbrev</name>
         <load_address>0x10c3</load_address>
         <run_address>0x10c3</run_address>
         <size>0x2f</size>
         <input_file_ref idref="fl-17"/>
      </object_component>
      <object_component id="oc-f8">
         <name>.debug_abbrev</name>
         <load_address>0x10f2</load_address>
         <run_address>0x10f2</run_address>
         <size>0x135</size>
         <input_file_ref idref="fl-18"/>
      </object_component>
      <object_component id="oc-ff">
         <name>.debug_abbrev</name>
         <load_address>0x1227</load_address>
         <run_address>0x1227</run_address>
         <size>0x222</size>
         <input_file_ref idref="fl-19"/>
      </object_component>
      <object_component id="oc-106">
         <name>.debug_abbrev</name>
         <load_address>0x1449</load_address>
         <run_address>0x1449</run_address>
         <size>0x1d7</size>
         <input_file_ref idref="fl-1a"/>
      </object_component>
      <object_component id="oc-10d">
         <name>.debug_abbrev</name>
         <load_address>0x1620</load_address>
         <run_address>0x1620</run_address>
         <size>0x1f4</size>
         <input_file_ref idref="fl-1b"/>
      </object_component>
      <object_component id="oc-112">
         <name>.debug_abbrev</name>
         <load_address>0x1814</load_address>
         <run_address>0x1814</run_address>
         <size>0x104</size>
         <input_file_ref idref="fl-1c"/>
      </object_component>
      <object_component id="oc-11a">
         <name>.debug_abbrev</name>
         <load_address>0x1918</load_address>
         <run_address>0x1918</run_address>
         <size>0x191</size>
         <input_file_ref idref="fl-1d"/>
      </object_component>
      <object_component id="oc-11f">
         <name>.debug_abbrev</name>
         <load_address>0x1aa9</load_address>
         <run_address>0x1aa9</run_address>
         <size>0xc6</size>
         <input_file_ref idref="fl-24"/>
      </object_component>
      <object_component id="oc-126">
         <name>.debug_abbrev</name>
         <load_address>0x1b6f</load_address>
         <run_address>0x1b6f</run_address>
         <size>0x46</size>
         <input_file_ref idref="fl-25"/>
      </object_component>
      <object_component id="oc-12b">
         <name>.debug_abbrev</name>
         <load_address>0x1bb5</load_address>
         <run_address>0x1bb5</run_address>
         <size>0x38</size>
         <input_file_ref idref="fl-26"/>
      </object_component>
      <object_component id="oc-130">
         <name>.debug_abbrev</name>
         <load_address>0x1bed</load_address>
         <run_address>0x1bed</run_address>
         <size>0xe3</size>
         <input_file_ref idref="fl-27"/>
      </object_component>
      <object_component id="oc-135">
         <name>.debug_abbrev</name>
         <load_address>0x1cd0</load_address>
         <run_address>0x1cd0</run_address>
         <size>0xa8</size>
         <input_file_ref idref="fl-28"/>
      </object_component>
      <object_component id="oc-13a">
         <name>.debug_abbrev</name>
         <load_address>0x1d78</load_address>
         <run_address>0x1d78</run_address>
         <size>0x68</size>
         <input_file_ref idref="fl-29"/>
      </object_component>
      <object_component id="oc-13f">
         <name>.debug_abbrev</name>
         <load_address>0x1de0</load_address>
         <run_address>0x1de0</run_address>
         <size>0x66</size>
         <input_file_ref idref="fl-2a"/>
      </object_component>
      <object_component id="oc-146">
         <name>.debug_abbrev</name>
         <load_address>0x1e46</load_address>
         <run_address>0x1e46</run_address>
         <size>0x130</size>
         <input_file_ref idref="fl-2b"/>
      </object_component>
      <object_component id="oc-14b">
         <name>.debug_abbrev</name>
         <load_address>0x1f76</load_address>
         <run_address>0x1f76</run_address>
         <size>0xb2</size>
         <input_file_ref idref="fl-2c"/>
      </object_component>
      <object_component id="oc-150">
         <name>.debug_abbrev</name>
         <load_address>0x2028</load_address>
         <run_address>0x2028</run_address>
         <size>0xee</size>
         <input_file_ref idref="fl-2d"/>
      </object_component>
      <object_component id="oc-156">
         <name>.debug_abbrev</name>
         <load_address>0x2116</load_address>
         <run_address>0x2116</run_address>
         <size>0x9f</size>
         <input_file_ref idref="fl-2e"/>
      </object_component>
      <object_component id="oc-1dd">
         <name>.debug_abbrev</name>
         <load_address>0x21b5</load_address>
         <run_address>0x21b5</run_address>
         <size>0xf</size>
      </object_component>
      <object_component id="oc-58">
         <name>.debug_aranges</name>
         <load_address>0x0</load_address>
         <run_address>0x0</run_address>
         <size>0x18</size>
         <input_file_ref idref="fl-2"/>
      </object_component>
      <object_component id="oc-60">
         <name>.debug_aranges</name>
         <load_address>0x18</load_address>
         <run_address>0x18</run_address>
         <size>0x28</size>
         <input_file_ref idref="fl-4"/>
      </object_component>
      <object_component id="oc-67">
         <name>.debug_aranges</name>
         <load_address>0x40</load_address>
         <run_address>0x40</run_address>
         <size>0x28</size>
         <input_file_ref idref="fl-5"/>
      </object_component>
      <object_component id="oc-6c">
         <name>.debug_aranges</name>
         <load_address>0x68</load_address>
         <run_address>0x68</run_address>
         <size>0x20</size>
         <input_file_ref idref="fl-6"/>
      </object_component>
      <object_component id="oc-72">
         <name>.debug_aranges</name>
         <load_address>0x88</load_address>
         <run_address>0x88</run_address>
         <size>0x2f8</size>
         <input_file_ref idref="fl-7"/>
      </object_component>
      <object_component id="oc-77">
         <name>.debug_aranges</name>
         <load_address>0x380</load_address>
         <run_address>0x380</run_address>
         <size>0x18</size>
         <input_file_ref idref="fl-8"/>
      </object_component>
      <object_component id="oc-7c">
         <name>.debug_aranges</name>
         <load_address>0x398</load_address>
         <run_address>0x398</run_address>
         <size>0x38</size>
         <input_file_ref idref="fl-9"/>
      </object_component>
      <object_component id="oc-81">
         <name>.debug_aranges</name>
         <load_address>0x3d0</load_address>
         <run_address>0x3d0</run_address>
         <size>0x18</size>
         <input_file_ref idref="fl-a"/>
      </object_component>
      <object_component id="oc-86">
         <name>.debug_aranges</name>
         <load_address>0x3e8</load_address>
         <run_address>0x3e8</run_address>
         <size>0x18</size>
         <input_file_ref idref="fl-b"/>
      </object_component>
      <object_component id="oc-c6">
         <name>.debug_aranges</name>
         <load_address>0x400</load_address>
         <run_address>0x400</run_address>
         <size>0x20</size>
         <input_file_ref idref="fl-d"/>
      </object_component>
      <object_component id="oc-cf">
         <name>.debug_aranges</name>
         <load_address>0x420</load_address>
         <run_address>0x420</run_address>
         <size>0x20</size>
         <input_file_ref idref="fl-10"/>
      </object_component>
      <object_component id="oc-d4">
         <name>.debug_aranges</name>
         <load_address>0x440</load_address>
         <run_address>0x440</run_address>
         <size>0x18</size>
         <input_file_ref idref="fl-11"/>
      </object_component>
      <object_component id="oc-d9">
         <name>.debug_aranges</name>
         <load_address>0x458</load_address>
         <run_address>0x458</run_address>
         <size>0x28</size>
         <input_file_ref idref="fl-12"/>
      </object_component>
      <object_component id="oc-de">
         <name>.debug_aranges</name>
[...]
         <value>0x3dba8e</value>
         <object_component_ref idref="oc-159"/>
      </symbol>
      <symbol id="sm-3cb">
         <name>_EVE_LF230_OCV_TABLE</name>
         <value>0x3dc70c</value>
         <object_component_ref idref="oc-160"/>
      </symbol>
      <symbol id="sm-3cc">
         <name>_CalEVE240AhSocHandle</name>
         <value>0x3dbc84</value>
         <object_component_ref idref="oc-159"/>
      </symbol>
      <symbol id="sm-44d">
         <name>_SlaveBmsBalance</name>
         <value>0x3d9e6a</value>
         <object_component_ref idref="oc-170"/>
      </symbol>
      <symbol id="sm-44f">
         <name>_SlaveBMSDigiteldoutOHandler</name>
         <value>0x3d983c</value>
         <object_component_ref idref="oc-170"/>
      </symbol>
      <symbol id="sm-451">
         <name>_SlaveVoltagBalaHandler</name>
         <value>0x3d9ec9</value>
         <object_component_ref idref="oc-170"/>
      </symbol>
      <symbol id="sm-453">
         <name>_ltc_state</name>
         <value>0xa95b</value>
         <object_component_ref idref="oc-fc"/>
      </symbol>
      <symbol id="sm-454">
         <name>_init_PEC15_Table</name>
         <value>0x3d95d2</value>
         <object_component_ref idref="oc-170"/>
      </symbol>
      <symbol id="sm-456">
         <name>_CRC15POLY</name>
         <value>0xa95a</value>
         <object_component_ref idref="oc-fc"/>
      </symbol>
      <symbol id="sm-457">
         <name>_SPI_BATRead</name>
         <value>0x3d9597</value>
         <object_component_ref idref="oc-170"/>
      </symbol>
      <symbol id="sm-459">
         <name>_pec15Table</name>
         <value>0xa7c0</value>
         <object_component_ref idref="oc-175"/>
      </symbol>
      <symbol id="sm-45a">
         <name>_LTC6804_DieTemperatureRead</name>
         <value>0x3d971b</value>
         <object_component_ref idref="oc-170"/>
      </symbol>
      <symbol id="sm-45c">
         <name>_LTC6804_WakeUp</name>
         <value>0x3d96fa</value>
         <object_component_ref idref="oc-170"/>
      </symbol>
      <symbol id="sm-45e">
         <name>_LTC6804_write</name>
         <value>0x3d961c</value>
         <object_component_ref idref="oc-170"/>
      </symbol>
      <symbol id="sm-460">
         <name>_LTC6804_write_cmd</name>
         <value>0x3d9686</value>
         <object_component_ref idref="oc-170"/>
      </symbol>
      <symbol id="sm-462">
         <name>_SPI_BATWrite</name>
         <value>0x3d957e</value>
         <object_component_ref idref="oc-170"/>
      </symbol>
      <symbol id="sm-464">
         <name>_LTC6804_SocItmpVaRead</name>
         <value>0x3d9763</value>
         <object_component_ref idref="oc-170"/>
      </symbol>
      <symbol id="sm-466">
         <name>_ltc_error_count</name>
         <value>0xa95c</value>
         <object_component_ref idref="oc-fc"/>
      </symbol>
      <symbol id="sm-467">
         <name>_SlaveVoltagHandler</name>
         <value>0x3d9b96</value>
         <object_component_ref idref="oc-170"/>
      </symbol>
      <symbol id="sm-469">
         <name>_BATSPIEnable_highA</name>
         <value>0x3d95bb</value>
         <object_component_ref idref="oc-170"/>
      </symbol>
      <symbol id="sm-46b">
         <name>_BATSPIEnable_highB</name>
         <value>0x3d95c9</value>
         <object_component_ref idref="oc-170"/>
      </symbol>
      <symbol id="sm-46d">
         <name>_LTC6804</name>
         <value>0xa95d</value>
         <object_component_ref idref="oc-fc"/>
      </symbol>
      <symbol id="sm-46e">
         <name>_LTC6804_read_cmd</name>
         <value>0x3d96a6</value>
         <object_component_ref idref="oc-170"/>
      </symbol>
      <symbol id="sm-470">
         <name>_pec15</name>
         <value>0x3d95fc</value>
         <object_component_ref idref="oc-170"/>
      </symbol>
      <symbol id="sm-472">
         <name>_LTC6804_init_table</name>
         <value>0xa7ba</value>
         <object_component_ref idref="oc-176"/>
      </symbol>
      <symbol id="sm-473">
         <name>_SalveTempsHandler</name>
         <value>0x3d9a17</value>
         <object_component_ref idref="oc-170"/>
      </symbol>
      <symbol id="sm-475">
         <name>_SlaveBMSIint</name>
         <value>0x3d97c0</value>
         <object_component_ref idref="oc-170"/>
      </symbol>
      <symbol id="sm-477">
         <name>_BATSPIEnable_lowB</name>
         <value>0x3d95c4</value>
         <object_component_ref idref="oc-170"/>
      </symbol>
      <symbol id="sm-479">
         <name>_BATSPIEnable_lowA</name>
         <value>0x3d95b6</value>
         <object_component_ref idref="oc-170"/>
      </symbol>
      <symbol id="sm-595">
         <name>_TempTemps</name>
         <value>0x3d8000</value>
         <object_component_ref idref="oc-158"/>
      </symbol>
      <symbol id="sm-597">
         <name>_MDCalVoltandTemsHandle</name>
         <value>0x3d83e8</value>
         <object_component_ref idref="oc-158"/>
      </symbol>
      <symbol id="sm-599">
         <name>_SysCalSocZoneHandle</name>
         <value>0x3d87cd</value>
         <object_component_ref idref="oc-158"/>
      </symbol>
      <symbol id="sm-59b">
         <name>_SysCalVoltageHandle</name>
         <value>0x3d885a</value>
         <object_component_ref idref="oc-158"/>
      </symbol>
      <symbol id="sm-59d">
         <name>_ProtectRelayTimerHandle</name>
         <value>0x3d9349</value>
         <object_component_ref idref="oc-158"/>
      </symbol>
      <symbol id="sm-59f">
         <name>_SysAlarmtCheck</name>
         <value>0x3d8a11</value>
         <object_component_ref idref="oc-158"/>
      </symbol>
      <symbol id="sm-5a1">
         <name>_SysTimerINIT</name>
         <value>0x3d808e</value>
         <object_component_ref idref="oc-158"/>
      </symbol>
      <symbol id="sm-5a3">
         <name>_SysDigitalOutput</name>
         <value>0x3d92af</value>
         <object_component_ref idref="oc-158"/>
      </symbol>
      <symbol id="sm-5a5">
         <name>_MDCalInit</name>
         <value>0x3d83d0</value>
         <object_component_ref idref="oc-158"/>
      </symbol>
      <symbol id="sm-5a7">
         <name>_SysCalTemperatureHandle</name>
         <value>0x3d8939</value>
         <object_component_ref idref="oc-158"/>
      </symbol>
      <symbol id="sm-5a9">
         <name>_PWRRlyHoldHandle</name>
         <value>0x3d942b</value>
         <object_component_ref idref="oc-158"/>
      </symbol>
      <symbol id="sm-5ab">
         <name>_CANRegVarINIT</name>
         <value>0x3d82f2</value>
         <object_component_ref idref="oc-158"/>
      </symbol>
      <symbol id="sm-5ad">
         <name>_SysFaultCheck</name>
         <value>0x3d8d69</value>
         <object_component_ref idref="oc-158"/>
      </symbol>
      <symbol id="sm-5af">
         <name>_PWRHoldHandle</name>
         <value>0x3d9383</value>
         <object_component_ref idref="oc-158"/>
      </symbol>
      <symbol id="sm-5b1">
         <name>_SysDigitalInput</name>
         <value>0x3d9229</value>
         <object_component_ref idref="oc-158"/>
      </symbol>
      <symbol id="sm-5b3">
         <name>_float32ToInt</name>
         <value>0x3d9213</value>
         <object_component_ref idref="oc-158"/>
      </symbol>
      <symbol id="sm-5b5">
         <name>_SysVarINIT</name>
         <value>0x3d80cd</value>
         <object_component_ref idref="oc-158"/>
      </symbol>
      <symbol id="sm-5b7">
         <name>_TimerinitHandle</name>
         <value>0x3d9338</value>
         <object_component_ref idref="oc-158"/>
      </symbol>
      <symbol id="sm-5b9">
         <name>_CANATX</name>
         <value>0x3d8004</value>
         <object_component_ref idref="oc-158"/>
      </symbol>
      <symbol id="sm-5bb">
         <name>_SysCalCurrentHandle</name>
         <value>0x3d89b1</value>
         <object_component_ref idref="oc-158"/>
      </symbol>
      <symbol id="sm-5bd">
         <name>_SysProtectCheck</name>
         <value>0x3d90ce</value>
         <object_component_ref idref="oc-158"/>
      </symbol>
      <symbol id="sm-5ff">
         <name>_NVR_UnLock</name>
         <value>0x3db649</value>
         <object_component_ref idref="oc-171"/>
      </symbol>
      <symbol id="sm-601">
         <name>_testTXbuf</name>
         <value>0xa91e</value>
         <object_component_ref idref="oc-17e"/>
      </symbol>
      <symbol id="sm-602">
         <name>_NVR_SPIRead</name>
         <value>0x3db6d2</value>
         <object_component_ref idref="oc-171"/>
      </symbol>
      <symbol id="sm-604">
         <name>_rxBuf</name>
         <value>0xa96e</value>
         <object_component_ref idref="oc-17a"/>
      </symbol>
      <symbol id="sm-605">
         <name>_NVR_Init</name>
         <value>0x3db646</value>
         <object_component_ref idref="oc-171"/>
      </symbol>
      <symbol id="sm-607">
         <name>_g_RTCommitReq</name>
         <value>0xa990</value>
         <object_component_ref idref="oc-10a"/>
      </symbol>
      <symbol id="sm-608">
         <name>_testRXbuf</name>
         <value>0xa900</value>
         <object_component_ref idref="oc-17f"/>
      </symbol>
      <symbol id="sm-609">
         <name>_NVR_SPIWrite</name>
         <value>0x3db675</value>
         <object_component_ref idref="oc-171"/>
      </symbol>
      <symbol id="sm-60b">
         <name>_txBuf</name>
         <value>0xa980</value>
         <object_component_ref idref="oc-179"/>
      </symbol>
      <symbol id="sm-60c">
         <name>_NVRAM_AZoneReadHandler</name>
         <value>0x3db4b4</value>
         <object_component_ref idref="oc-171"/>
      </symbol>
      <symbol id="sm-60e">
         <name>_testTXlen</name>
         <value>0xa996</value>
         <object_component_ref idref="oc-10a"/>
      </symbol>
      <symbol id="sm-60f">
         <name>_NVR_Lock</name>
         <value>0x3db65f</value>
         <object_component_ref idref="oc-171"/>
      </symbol>
      <symbol id="sm-611">
         <name>_g_RTCommitDone</name>
         <value>0xa991</value>
         <object_component_ref idref="oc-10a"/>
      </symbol>
      <symbol id="sm-612">
         <name>_SPI_Sema</name>
         <value>0xa995</value>
         <object_component_ref idref="oc-10a"/>
      </symbol>
      <symbol id="sm-613">
         <name>_testRXlen</name>
         <value>0xa997</value>
         <object_component_ref idref="oc-10a"/>
      </symbol>
      <symbol id="sm-614">
         <name>_TestError</name>
         <value>0xa993</value>
         <object_component_ref idref="oc-10a"/>
      </symbol>
      <symbol id="sm-615">
         <name>_NVRAM_AZoneSaveHandler</name>
         <value>0x3db3e9</value>
         <object_component_ref idref="oc-171"/>
      </symbol>
      <symbol id="sm-617">
         <name>_NVRAM_RecognizeAndInit</name>
         <value>0x3db556</value>
         <object_component_ref idref="oc-171"/>
      </symbol>
      <symbol id="sm-619">
         <name>_i</name>
         <value>0xa994</value>
         <object_component_ref idref="oc-10a"/>
      </symbol>
      <symbol id="sm-61a">
         <name>_NVRAM_StateTest</name>
         <value>0x3db3a6</value>
         <object_component_ref idref="oc-171"/>
      </symbol>
      <symbol id="sm-61c">
         <name>_TestState</name>
         <value>0xa992</value>
         <object_component_ref idref="oc-10a"/>
      </symbol>
      <symbol id="sm-61d">
         <name>_g_SysTimeTick</name>
         <value>0xa99a</value>
         <object_component_ref idref="oc-10a"/>
      </symbol>
      <symbol id="sm-639">
         <name>_RlySeqHandle</name>
         <value>0x3dbdde</value>
         <object_component_ref idref="oc-16f"/>
      </symbol>
      <symbol id="sm-63b">
         <name>_ProtectRlyOnInit</name>
         <value>0x3dbef9</value>
         <object_component_ref idref="oc-16f"/>
      </symbol>
      <symbol id="sm-63d">
         <name>_ProtectRlyOnHandle</name>
         <value>0x3dbf0b</value>
         <object_component_ref idref="oc-16f"/>
      </symbol>
      <symbol id="sm-63f">
         <name>_ProtectRlyVarINIT</name>
         <value>0x3dbd9a</value>
         <object_component_ref idref="oc-16f"/>
      </symbol>
      <symbol id="sm-641">
         <name>_ProtectRlyEMSHandle</name>
         <value>0x3dbfa6</value>
         <object_component_ref idref="oc-16f"/>
      </symbol>
      <symbol id="sm-6fc">
         <name>_Slave3Regs</name>
         <value>0xa500</value>
         <object_component_ref idref="oc-116"/>
      </symbol>
      <symbol id="sm-6fd">
         <name>_main</name>
         <value>0x3da884</value>
         <object_component_ref idref="oc-162"/>
      </symbol>
      <symbol id="sm-6ff">
         <name>_ISR_CANRXINTA</name>
         <value>0x3da7a3</value>
         <object_component_ref idref="oc-117"/>
      </symbol>
      <symbol id="sm-701">
         <name>_Slave0Regs</name>
         <value>0xa200</value>
         <object_component_ref idref="oc-116"/>
      </symbol>
      <symbol id="sm-702">
         <name>_PrtectRelayRegs</name>
         <value>0xa01c</value>
         <object_component_ref idref="oc-116"/>
      </symbol>
      <symbol id="sm-703">
         <name>_NCMsocTestVoltAGV</name>
         <value>0xa008</value>
         <object_component_ref idref="oc-116"/>
      </symbol>
      <symbol id="sm-704">
         <name>_Slave1Regs</name>
         <value>0xa300</value>
         <object_component_ref idref="oc-116"/>
      </symbol>
      <symbol id="sm-705">
         <name>_TescutCt</name>
         <value>0xa012</value>
         <object_component_ref idref="oc-116"/>
      </symbol>
      <symbol id="sm-706">
         <name>_cpu_timer0_isr</name>
         <value>0x3da0b9</value>
         <object_component_ref idref="oc-117"/>
      </symbol>
      <symbol id="sm-708">
         <name>_NUMsocTestVCT</name>
         <value>0xa00a</value>
         <object_component_ref idref="oc-116"/>
      </symbol>
      <symbol id="sm-709">
         <name>_TescutCtabs</name>
         <value>0xa014</value>
         <object_component_ref idref="oc-116"/>
      </symbol>
      <symbol id="sm-70a">
         <name>_TesVoltAGV</name>
         <value>0xa010</value>
         <object_component_ref idref="oc-116"/>
      </symbol>
      <symbol id="sm-70b">
         <name>_SysRegs</name>
         <value>0xa600</value>
         <object_component_ref idref="oc-116"/>
      </symbol>
      <symbol id="sm-70c">
         <name>_CANARegs</name>
         <value>0xa140</value>
         <object_component_ref idref="oc-116"/>
      </symbol>
      <symbol id="sm-70d">
         <name>_ProtectRelayCyle</name>
         <value>0xa000</value>
         <object_component_ref idref="oc-116"/>
      </symbol>
      <symbol id="sm-70e">
         <name>_NVRZoneAWRRegs</name>
         <value>0xa040</value>
         <object_component_ref idref="oc-116"/>
      </symbol>
      <symbol id="sm-70f">
         <name>_LFPsocTestVCT</name>
         <value>0xa00e</value>
         <object_component_ref idref="oc-116"/>
      </symbol>
      <symbol id="sm-710">
         <name>_randomCT</name>
         <value>0xa002</value>
         <object_component_ref idref="oc-116"/>
      </symbol>
      <symbol id="sm-711">
         <name>_NVRZoneARDRegs</name>
         <value>0xa058</value>
         <object_component_ref idref="oc-116"/>
      </symbol>
      <symbol id="sm-712">
         <name>_EV240AhSocRegs</name>
         <value>0xa080</value>
         <object_component_ref idref="oc-116"/>
      </symbol>
      <symbol id="sm-713">
         <name>_randomA</name>
         <value>0xa004</value>
         <object_component_ref idref="oc-116"/>
      </symbol>
      <symbol id="sm-714">
         <name>_randomC</name>
         <value>0xa006</value>
         <object_component_ref idref="oc-116"/>
      </symbol>
      <symbol id="sm-715">
         <name>_LFPsocTestVoltAGV</name>
         <value>0xa00c</value>
         <object_component_ref idref="oc-116"/>
      </symbol>
      <symbol id="sm-716">
         <name>_Slave2Regs</name>
         <value>0xa400</value>
         <object_component_ref idref="oc-116"/>
      </symbol>
      <symbol id="sm-717">
         <name>_NVRAllRegs</name>
         <value>0xa016</value>
         <object_component_ref idref="oc-116"/>
      </symbol>
      <symbol id="sm-729">
         <name>_round</name>
         <value>0x3dc4c0</value>
         <object_component_ref idref="oc-15f"/>
      </symbol>
      <symbol id="sm-72a">
         <name>_roundf</name>
         <value>0x3dc4c0</value>
         <object_component_ref idref="oc-15f"/>
      </symbol>
      <symbol id="sm-746">
         <name>_c_int00</name>
         <value>0x3dc46a</value>
         <object_component_ref idref="oc-121"/>
      </symbol>
      <symbol id="sm-747">
         <name>__stack</name>
         <value>0x50</value>
         <object_component_ref idref="oc-122"/>
      </symbol>
      <symbol id="sm-758">
         <name>FS$$DIV</name>
         <value>0x3dc292</value>
         <object_component_ref idref="oc-128"/>
      </symbol>
      <symbol id="sm-767">
         <name>_copy_in</name>
         <value>0x3dc570</value>
         <object_component_ref idref="oc-15b"/>
      </symbol>
      <symbol id="sm-779">
         <name>_memcpy</name>
         <value>0x3dc594</value>
         <object_component_ref idref="oc-161"/>
      </symbol>
      <symbol id="sm-786">
         <name>__system_pre_init</name>
         <value>0x3dc5ea</value>
         <object_component_ref idref="oc-15a"/>
      </symbol>
      <symbol id="sm-794">
         <name>__system_post_cinit</name>
         <value>0x3dc5ec</value>
         <object_component_ref idref="oc-15c"/>
      </symbol>
      <symbol id="sm-7a9">
         <name>C$$EXIT</name>
         <value>0x3dc4f9</value>
         <object_component_ref idref="oc-15e"/>
      </symbol>
      <symbol id="sm-7aa">
         <name>_exit</name>
         <value>0x3dc4fb</value>
         <object_component_ref idref="oc-15e"/>
      </symbol>
      <symbol id="sm-7ac">
         <name>___TI_cleanup_ptr</name>
         <value>0xa99e</value>
         <object_component_ref idref="oc-143"/>
      </symbol>
      <symbol id="sm-7ad">
         <name>___TI_enable_exit_profile_output</name>
         <value>0xa99c</value>
         <object_component_ref idref="oc-143"/>
      </symbol>
      <symbol id="sm-7ae">
         <name>_abort</name>
         <value>0x3dc4f9</value>
         <object_component_ref idref="oc-15e"/>
      </symbol>
      <symbol id="sm-7b0">
         <name>___TI_dtors_ptr</name>
         <value>0xa9a0</value>
         <object_component_ref idref="oc-143"/>
      </symbol>
      <symbol id="sm-7c4">
         <name>__unlock</name>
         <value>0xa9a2</value>
         <object_component_ref idref="oc-180"/>
      </symbol>
      <symbol id="sm-7c5">
         <name>__lock</name>
         <value>0xa97e</value>
         <object_component_ref idref="oc-163"/>
      </symbol>
      <symbol id="sm-7c6">
         <name>__register_lock</name>
         <value>0x3dc5da</value>
         <object_component_ref idref="oc-172"/>
      </symbol>
      <symbol id="sm-7c8">
         <name>__nop</name>
         <value>0x3dc5de</value>
         <object_component_ref idref="oc-172"/>
      </symbol>
      <symbol id="sm-7ca">
         <name>__register_unlock</name>
         <value>0x3dc5d6</value>
         <object_component_ref idref="oc-172"/>
      </symbol>
      <symbol id="sm-7da">
         <name>__args_main</name>
         <value>0x3dc5c4</value>
         <object_component_ref idref="oc-15d"/>
      </symbol>
      <symbol id="sm-7f1">
         <name>_floorf</name>
         <value>0x3dc411</value>
         <object_component_ref idref="oc-165"/>
      </symbol>
      <symbol id="sm-7f3">
         <name>_floor</name>
         <value>0x3dc411</value>
         <object_component_ref idref="oc-165"/>
      </symbol>
   </symbol_table>
   <title>Link successful</title>
</link_info>
