******************************************************************************
             TMS320C2000 Linker PC v22.6.1                     
******************************************************************************
>> Linked Sun Feb  8 19:24:46 2026

OUTPUT FILE NAME:   <F28069PackBMS.out>
ENTRY POINT SYMBOL: "_c_int00"  address: 003dc2ca


MEMORY CONFIGURATION

         name            origin    length      used     unused   attr    fill
----------------------  --------  ---------  --------  --------  ----  --------
PAGE 0:
  RAML0                 00008000   00000800  0000001f  000007e1  RWIX
  RAML1                 00008800   00000400  00000000  00000400  RWIX
  OTP                   003d7800   00000400  00000000  00000400  RWIX
  FLASH                 003d8000   0001ff80  00004610  0001b970  RWIX
  CSM_RSVD              003f7f80   00000076  00000076  00000000  RWIX
  BEGIN                 003f7ff6   00000002  00000002  00000000  RWIX
  CSM_PWL_P0            003f7ff8   00000008  00000008  00000000  RWIX
  FPUTABLES             003fd860   000006a0  00000000  000006a0  RWIX
  IQTABLES              003fdf00   00000b50  00000000  00000b50  RWIX
  IQTABLES2             003fea50   0000008c  00000000  0000008c  RWIX
  IQTABLES3             003feadc   000000aa  00000000  000000aa  RWIX
  ROM                   003ff3b0   00000c10  00000000  00000c10  RWIX
  RESET                 003fffc0   00000002  00000000  00000002  RWIX
  VECTORS               003fffc2   0000003e  00000000  0000003e  RWIX

PAGE 1:
  BOOT_RSVD             00000000   00000050  00000000  00000050  RWIX
  RAMM0                 00000050   000003b0  00000050  00000360  RWIX
  RAMM1                 00000400   00000400  00000000  00000400  RWIX
  DEV_EMU               00000880   00000105  00000004  00000101  RWIX
  SYS_PWR_CTL           00000985   00000003  00000003  00000000  RWIX
  FLASH_REGS            00000a80   00000060  00000008  00000058  RWIX
  CSM                   00000ae0   00000020  00000010  00000010  RWIX
  ADC_RESULT            00000b00   00000020  00000010  00000010  RWIX
  CPU_TIMER0            00000c00   00000008  00000008  00000000  RWIX
  CPU_TIMER1            00000c08   00000008  00000008  00000000  RWIX
  CPU_TIMER2            00000c10   00000008  00000008  00000000  RWIX
  PIE_CTRL              00000ce0   00000020  0000001a  00000006  RWIX
  PIE_VECT              00000d00   00000100  00000100  00000000  RWIX
  DMA                   00001000   00000200  000000e0  00000120  RWIX
  CLA1                  00001400   00000080  00000040  00000040  RWIX
  USB0                  00004000   00001000  00000454  00000bac  RWIX
  McBSPA                00005000   00000040  00000024  0000001c  RWIX
  ECANA                 00006000   00000040  00000034  0000000c  RWIX
  ECANA_LAM             00006040   00000040  00000040  00000000  RWIX
  ECANA_MOTS            00006080   00000040  00000040  00000000  RWIX
  ECANA_MOTO            000060c0   00000040  00000040  00000000  RWIX
  ECANA_MBOX            00006100   00000100  00000100  00000000  RWIX
  COMP1                 00006400   00000020  00000014  0000000c  RWIX
  COMP2                 00006420   00000020  00000014  0000000c  RWIX
  COMP3                 00006440   00000020  00000014  0000000c  RWIX
  EPWM1                 00006800   00000040  00000040  00000000  RWIX
  EPWM2                 00006840   00000040  00000040  00000000  RWIX
  EPWM3                 00006880   00000040  00000040  00000000  RWIX
  EPWM4                 000068c0   00000040  00000040  00000000  RWIX
  EPWM5                 00006900   00000040  00000040  00000000  RWIX
  EPWM6                 00006940   00000040  00000040  00000000  RWIX
  EPWM7                 00006980   00000040  00000040  00000000  RWIX
  EPWM8                 000069c0   00000040  00000040  00000000  RWIX
  ECAP1                 00006a00   00000020  00000020  00000000  RWIX
  ECAP2                 00006a20   00000020  00000020  00000000  RWIX
  ECAP3                 00006a40   00000020  00000020  00000000  RWIX
  HRCAP1                00006ac0   00000020  00000020  00000000  RWIX
  HRCAP2                00006ae0   00000020  00000020  00000000  RWIX
  EQEP1                 00006b00   00000040  00000022  0000001e  RWIX
  EQEP2                 00006b40   00000040  00000022  0000001e  RWIX
  HRCAP3                00006c80   00000020  00000020  00000000  RWIX
  HRCAP4                00006ca0   00000020  00000020  00000000  RWIX
  GPIOCTRL              00006f80   00000040  00000040  00000000  RWIX
  GPIODAT               00006fc0   00000020  00000020  00000000  RWIX
  GPIOINT               00006fe0   00000020  00000020  00000000  RWIX
  SYSTEM                00007010   00000030  00000030  00000000  RWIX
  SPIA                  00007040   00000010  00000010  00000000  RWIX
  SCIA                  00007050   00000010  00000010  00000000  RWIX
  NMIINTRUPT            00007060   00000010  00000010  00000000  RWIX
  XINTRUPT              00007070   00000010  00000010  00000000  RWIX
  ADC                   00007100   00000080  00000050  00000030  RWIX
  SPIB                  00007740   00000010  00000010  00000000  RWIX
  SCIB                  00007750   00000010  00000010  00000000  RWIX
  I2CA                  00007900   00000040  00000022  0000001e  RWIX
  RAML2                 00008c00   00000400  00000000  00000400  RWIX
  RAML3                 00009000   00001000  00000000  00001000  RWIX
  RAML4                 0000a000   00002000  000009a3  0000165d  RWIX
  RAML5                 0000c000   00002000  00000000  00002000  RWIX
  RAML6                 0000e000   00002000  00000000  00002000  RWIX
  RAML7                 00010000   00002000  00000000  00002000  RWIX
  RAML8                 00012000   00002000  00000000  00002000  RWIX
  USB_RAM               00040000   00000800  00000000  00000800  RWIX
  PARTID                003d7e80   00000001  00000001  00000000  RWIX
  FLASHB                003f0000   00004000  00000000  00004000  RWIX
  CSM_PWL               003f7ff8   00000008  00000008  00000000  RWIX


SECTION ALLOCATION MAP

 output                                  attributes/
section   page    origin      length       input sections
--------  ----  ----------  ----------   ----------------
.cinit     0    003dc56e    0000008a     
                  003dc56e    00000036     main.obj (.cinit)
                  003dc5a4    0000001d     NVRAM.obj (.cinit)
                  003dc5c1    0000000e     rts2800_fpu32.lib : exit.c.obj (.cinit)
                  003dc5cf    00000009     DSP28x_Project.obj (.cinit)
                  003dc5d8    00000009     BAT_LTC6802.obj (.cinit:_LTC6804_init_table)
                  003dc5e1    00000005     F2806x_CpuTimers.obj (.cinit)
                  003dc5e6    00000005     rts2800_fpu32.lib : _lock.c.obj (.cinit:__lock)
                  003dc5eb    00000005                       : _lock.c.obj (.cinit:__unlock)
                  003dc5f0    00000004     BATAlgorithm.obj (.cinit)
                  003dc5f4    00000004     BAT_LTC6802.obj (.cinit)

.pinit     0    003d8000    00000000     UNINITIALIZED

.text      0    003d8000    0000444d     
                  003d8000    000013c8     DSP28x_Project.obj (.text)
                  003d93c8    00000b3b     BAT_LTC6802.obj (.text)
                  003d9f03    000007be     main.obj (.text:retain)
                  003da6c1    0000068e     main.obj (.text)
                  003dad4f    00000428     BATAlgorithm.obj (.text)
                  003db177    0000039b     F2806x_DefaultIsr.obj (.text:retain)
                  003db512    00000389     NVRAM.obj (.text)
                  003db89b    0000035f     F2806x_ECan.obj (.text)
                  003dbbfa    00000243     ProtectRelay.obj (.text)
                  003dbe3d    00000194     F2806x_SysCtrl.obj (.text)
                  003dbfd1    00000121     F2806x_Gpio.obj (.text)
                  003dc0f2    00000088     rts2800_fpu32.lib : fs_div28.asm.obj (.text)
                  003dc17a    0000007e     F2806x_Spi.obj (.text)
                  003dc1f8    00000079     F2806x_CpuTimers.obj (.text)
                  003dc271    00000059     rts2800_fpu32.lib : s_floorf.c.obj (.text)
                  003dc2ca    00000056                       : boot28.asm.obj (.text)
                  003dc320    00000039                       : s_roundf.c.obj (.text)
                  003dc359    00000029                       : exit.c.obj (.text)
                  003dc382    00000028     F2806x_PieCtrl.obj (.text)
                  003dc3aa    00000026     F2806x_PieVect.obj (.text)
                  003dc3d0    00000024     rts2800_fpu32.lib : cpy_tbl.c.obj (.text)
                  003dc3f4    0000001d                       : memcpy.c.obj (.text)
                  003dc411    00000013     F2806x_MemCopy.obj (.text)
                  003dc424    00000012     rts2800_fpu32.lib : args_main.c.obj (.text)
                  003dc436    00000009                       : _lock.c.obj (.text)
                  003dc43f    00000008     F2806x_CodeStartBranch.obj (.text)
                  003dc447    00000003     F2806x_DBGIER.obj (.text)
                  003dc44a    00000002     rts2800_fpu32.lib : pre_init.c.obj (.text)
                  003dc44c    00000001                       : startup.c.obj (.text)

ramfuncs   0    003dc44d    0000001f     RUN ADDR = 00008000
                  003dc44d    0000001b     F2806x_SysCtrl.obj (ramfuncs)
                  003dc468    00000004     F2806x_usDelay.obj (ramfuncs)

csm_rsvd   0    003f7f80    00000076     
                  003f7f80    00000076     F2806x_CSMPasswords.obj (csm_rsvd)

codestart 
*          0    003f7ff6    00000002     
                  003f7ff6    00000002     F2806x_CodeStartBranch.obj (codestart)

csmpasswds 
*          0    003f7ff8    00000008     
                  003f7ff8    00000008     F2806x_CSMPasswords.obj (csmpasswds)

.stack     1    00000050    00000050     UNINITIALIZED
                  00000050    00000050     --HOLE--

.ebss      1    0000a000    000009a3     UNINITIALIZED
                  0000a000    00000798     main.obj (.ebss)
                  0000a798    00000020     NVRAM.obj (.ebss:_buf$1)
                  0000a7b8    00000006     BAT_LTC6802.obj (.ebss:_LTC6804_init_table)
                  0000a7be    00000002     rts2800_fpu32.lib : _lock.c.obj (.ebss:__lock)
                  0000a7c0    00000100     BAT_LTC6802.obj (.ebss:_pec15Table)
                  0000a8c0    00000020     NVRAM.obj (.ebss:_buf$2)
                  0000a8e0    00000020     NVRAM.obj (.ebss:_buf$4)
                  0000a900    0000001e     NVRAM.obj (.ebss:_testRXbuf)
                  0000a91e    0000001e     NVRAM.obj (.ebss:_testTXbuf)
                  0000a93c    00000004     DSP28x_Project.obj (.ebss)
                  0000a940    0000001a     F2806x_CpuTimers.obj (.ebss)
                  0000a95a    00000014     BAT_LTC6802.obj (.ebss)
                  0000a96e    00000010     NVRAM.obj (.ebss:_rxBuf)
                  0000a97e    00000002     rts2800_fpu32.lib : _lock.c.obj (.ebss:__unlock)
                  0000a980    00000010     NVRAM.obj (.ebss:_txBuf)
                  0000a990    0000000c     NVRAM.obj (.ebss)
                  0000a99c    00000006     rts2800_fpu32.lib : exit.c.obj (.ebss)
                  0000a9a2    00000001     BATAlgorithm.obj (.ebss)

.econst    0    003dc46c    00000102     
                  003dc46c    00000100     F2806x_PieVect.obj (.econst:_PieVectTableInit)
                  003dc56c    00000002     rts2800_fpu32.lib : s_floorf.c.obj (.econst)

.switch    0    003dc5f8    00000018     
                  003dc5f8    00000018     BAT_LTC6802.obj (.switch:_SlaveBMSDigiteldoutOHandler)

.reset     0    003fffc0    00000002     DSECT
                  003fffc0    00000002     rts2800_fpu32.lib : boot28.asm.obj (.reset)

vectors    0    003fffc2    00000000     DSECT

DevEmuRegsFile 
*          1    00000880    00000004     UNINITIALIZED
                  00000880    00000004     F2806x_GlobalVariableDefs.obj (DevEmuRegsFile)

SysPwrCtrlRegsFile 
*          1    00000985    00000003     UNINITIALIZED
                  00000985    00000003     F2806x_GlobalVariableDefs.obj (SysPwrCtrlRegsFile)

FlashRegsFile 
*          1    00000a80    00000008     UNINITIALIZED
                  00000a80    00000008     F2806x_GlobalVariableDefs.obj (FlashRegsFile)

CsmRegsFile 
*          1    00000ae0    00000010     UNINITIALIZED
                  00000ae0    00000010     F2806x_GlobalVariableDefs.obj (CsmRegsFile)

AdcResultFile 
*          1    00000b00    00000010     UNINITIALIZED
                  00000b00    00000010     F2806x_GlobalVariableDefs.obj (AdcResultFile)

CpuTimer0RegsFile 
*          1    00000c00    00000008     UNINITIALIZED
                  00000c00    00000008     F2806x_GlobalVariableDefs.obj (CpuTimer0RegsFile)

CpuTimer1RegsFile 
*          1    00000c08    00000008     UNINITIALIZED
                  00000c08    00000008     F2806x_GlobalVariableDefs.obj (CpuTimer1RegsFile)

CpuTimer2RegsFile 
*          1    00000c10    00000008     UNINITIALIZED
                  00000c10    00000008     F2806x_GlobalVariableDefs.obj (CpuTimer2RegsFile)

PieCtrlRegsFile 
*          1    00000ce0    0000001a     UNINITIALIZED
                  00000ce0    0000001a     F2806x_GlobalVariableDefs.obj (PieCtrlRegsFile)

PieVectTableFile 
*          1    00000d00    00000100     UNINITIALIZED
                  00000d00    00000100     F2806x_GlobalVariableDefs.obj (PieVectTableFile)

EmuKeyVar 
*          1    00000d00    00000001     UNINITIALIZED
                  00000d00    00000001     F2806x_GlobalVariableDefs.obj (EmuKeyVar)

EmuBModeVar 
*          1    00000d01    00000001     UNINITIALIZED
                  00000d01    00000001     F2806x_GlobalVariableDefs.obj (EmuBModeVar)

FlashCallbackVar 
*          1    00000d02    00000002     UNINITIALIZED
                  00000d02    00000002     F2806x_GlobalVariableDefs.obj (FlashCallbackVar)

FlashScalingVar 
*          1    00000d04    00000002     UNINITIALIZED
                  00000d04    00000002     F2806x_GlobalVariableDefs.obj (FlashScalingVar)

DmaRegsFile 
*          1    00001000    000000e0     UNINITIALIZED
                  00001000    000000e0     F2806x_GlobalVariableDefs.obj (DmaRegsFile)

Cla1RegsFile 
*          1    00001400    00000040     UNINITIALIZED
                  00001400    00000040     F2806x_GlobalVariableDefs.obj (Cla1RegsFile)

Usb0RegsFile 
*          1    00004000    00000454     UNINITIALIZED
                  00004000    00000454     F2806x_GlobalVariableDefs.obj (Usb0RegsFile)

McbspaRegsFile 
*          1    00005000    00000024     UNINITIALIZED
                  00005000    00000024     F2806x_GlobalVariableDefs.obj (McbspaRegsFile)

ECanaRegsFile 
*          1    00006000    00000034     UNINITIALIZED
                  00006000    00000034     F2806x_GlobalVariableDefs.obj (ECanaRegsFile)

ECanaLAMRegsFile 
*          1    00006040    00000040     UNINITIALIZED
                  00006040    00000040     F2806x_GlobalVariableDefs.obj (ECanaLAMRegsFile)

ECanaMOTSRegsFile 
*          1    00006080    00000040     UNINITIALIZED
                  00006080    00000040     F2806x_GlobalVariableDefs.obj (ECanaMOTSRegsFile)

ECanaMOTORegsFile 
*          1    000060c0    00000040     UNINITIALIZED
                  000060c0    00000040     F2806x_GlobalVariableDefs.obj (ECanaMOTORegsFile)

ECanaMboxesFile 
*          1    00006100    00000100     UNINITIALIZED
                  00006100    00000100     F2806x_GlobalVariableDefs.obj (ECanaMboxesFile)

Comp1RegsFile 
*          1    00006400    00000014     UNINITIALIZED
                  00006400    00000014     F2806x_GlobalVariableDefs.obj (Comp1RegsFile)

Comp2RegsFile 
*          1    00006420    00000014     UNINITIALIZED
                  00006420    00000014     F2806x_GlobalVariableDefs.obj (Comp2RegsFile)

Comp3RegsFile 
*          1    00006440    00000014     UNINITIALIZED
                  00006440    00000014     F2806x_GlobalVariableDefs.obj (Comp3RegsFile)

EPwm1RegsFile 
*          1    00006800    00000040     UNINITIALIZED
                  00006800    00000040     F2806x_GlobalVariableDefs.obj (EPwm1RegsFile)

EPwm2RegsFile 
*          1    00006840    00000040     UNINITIALIZED
                  00006840    00000040     F2806x_GlobalVariableDefs.obj (EPwm2RegsFile)

EPwm3RegsFile 
*          1    00006880    00000040     UNINITIALIZED
                  00006880    00000040     F2806x_GlobalVariableDefs.obj (EPwm3RegsFile)

EPwm4RegsFile 
*          1    000068c0    00000040     UNINITIALIZED
                  000068c0    00000040     F2806x_GlobalVariableDefs.obj (EPwm4RegsFile)

EPwm5RegsFile 
*          1    00006900    00000040     UNINITIALIZED
                  00006900    00000040     F2806x_GlobalVariableDefs.obj (EPwm5RegsFile)

EPwm6RegsFile 
*          1    00006940    00000040     UNINITIALIZED
                  00006940    00000040     F2806x_GlobalVariableDefs.obj (EPwm6RegsFile)

EPwm7RegsFile 
*          1    00006980    00000040     UNINITIALIZED
                  00006980    00000040     F2806x_GlobalVariableDefs.obj (EPwm7RegsFile)

EPwm8RegsFile 
*          1    000069c0    00000040     UNINITIALIZED
                  000069c0    00000040     F2806x_GlobalVariableDefs.obj (EPwm8RegsFile)

ECap1RegsFile 
*          1    00006a00    00000020     UNINITIALIZED
                  00006a00    00000020     F2806x_GlobalVariableDefs.obj (ECap1RegsFile)

ECap2RegsFile 
*          1    00006a20    00000020     UNINITIALIZED
                  00006a20    00000020     F2806x_GlobalVariableDefs.obj (ECap2RegsFile)

ECap3RegsFile 
*          1    00006a40    00000020     UNINITIALIZED
                  00006a40    00000020     F2806x_GlobalVariableDefs.obj (ECap3RegsFile)

HRCap1RegsFile 
*          1    00006ac0    00000020     UNINITIALIZED
                  00006ac0    00000020     F2806x_GlobalVariableDefs.obj (HRCap1RegsFile)

HRCap2RegsFile 
*          1    00006ae0    00000020     UNINITIALIZED
                  00006ae0    00000020     F2806x_GlobalVariableDefs.obj (HRCap2RegsFile)

EQep1RegsFile 
*          1    00006b00    00000022     UNINITIALIZED
                  00006b00    00000022     F2806x_GlobalVariableDefs.obj (EQep1RegsFile)

EQep2RegsFile 
*          1    00006b40    00000022     UNINITIALIZED
                  00006b40    00000022     F2806x_GlobalVariableDefs.obj (EQep2RegsFile)

HRCap3RegsFile 
*          1    00006c80    00000020     UNINITIALIZED
                  00006c80    00000020     F2806x_GlobalVariableDefs.obj (HRCap3RegsFile)

HRCap4RegsFile 
*          1    00006ca0    00000020     UNINITIALIZED
                  00006ca0    00000020     F2806x_GlobalVariableDefs.obj (HRCap4RegsFile)

GpioCtrlRegsFile 
*          1    00006f80    00000040     UNINITIALIZED
                  00006f80    00000040     F2806x_GlobalVariableDefs.obj (GpioCtrlRegsFile)

GpioDataRegsFile 
*          1    00006fc0    00000020     UNINITIALIZED
                  00006fc0    00000020     F2806x_GlobalVariableDefs.obj (GpioDataRegsFile)

GpioIntRegsFile 
*          1    00006fe0    00000020     UNINITIALIZED
                  00006fe0    00000020     F2806x_GlobalVariableDefs.obj (GpioIntRegsFile)

SysCtrlRegsFile 
*          1    00007010    00000030     UNINITIALIZED
                  00007010    00000030     F2806x_GlobalVariableDefs.obj (SysCtrlRegsFile)

SpiaRegsFile 
*          1    00007040    00000010     UNINITIALIZED
                  00007040    00000010     F2806x_GlobalVariableDefs.obj (SpiaRegsFile)

SciaRegsFile 
*          1    00007050    00000010     UNINITIALIZED
                  00007050    00000010     F2806x_GlobalVariableDefs.obj (SciaRegsFile)

NmiIntruptRegsFile 
*          1    00007060    00000010     UNINITIALIZED
                  00007060    00000010     F2806x_GlobalVariableDefs.obj (NmiIntruptRegsFile)

XIntruptRegsFile 
*          1    00007070    00000010     UNINITIALIZED
                  00007070    00000010     F2806x_GlobalVariableDefs.obj (XIntruptRegsFile)

AdcRegsFile 
*          1    00007100    00000050     UNINITIALIZED
                  00007100    00000050     F2806x_GlobalVariableDefs.obj (AdcRegsFile)

SpibRegsFile 
*          1    00007740    00000010     UNINITIALIZED
                  00007740    00000010     F2806x_GlobalVariableDefs.obj (SpibRegsFile)

ScibRegsFile 
*          1    00007750    00000010     UNINITIALIZED
                  00007750    00000010     F2806x_GlobalVariableDefs.obj (ScibRegsFile)

I2caRegsFile 
*          1    00007900    00000022     UNINITIALIZED
                  00007900    00000022     F2806x_GlobalVariableDefs.obj (I2caRegsFile)

PartIdRegsFile 
*          1    003d7e80    00000001     UNINITIALIZED
                  003d7e80    00000001     F2806x_GlobalVariableDefs.obj (PartIdRegsFile)

CsmPwlFile 
*          1    003f7ff8    00000008     UNINITIALIZED
                  003f7ff8    00000008     F2806x_GlobalVariableDefs.obj (CsmPwlFile)

MODULE SUMMARY

       Module                          code    initialized data   uninitialized data
       ------                          ----    ----------------   ------------------
    .\C2806XSrc\
       F2806x_GlobalVariableDefs.obj   0       0                  3550              
       F2806x_DefaultIsr.obj           923     0                  0                 
       F2806x_ECan.obj                 863     0                  0                 
       F2806x_SysCtrl.obj              458     0                  0                 
       F2806x_PieVect.obj              38      256                0                 
       F2806x_Gpio.obj                 289     0                  0                 
       F2806x_CpuTimers.obj            121     5                  26                
       F2806x_CSMPasswords.obj         0       126                0                 
       F2806x_Spi.obj                  126     0                  0                 
       F2806x_PieCtrl.obj              40      0                  0                 
       F2806x_MemCopy.obj              19      0                  0                 
       F2806x_CodeStartBranch.obj      10      0                  0                 
       F2806x_usDelay.obj              8       0                  0                 
       F2806x_DBGIER.obj               3       0                  0                 
    +--+-------------------------------+-------+------------------+--------------------+
       Total:                          2898    387                3576              
                                                                                    
    .\SysSoure\
       main.obj                        3660    54                 1944              
       DSP28x_Project.obj              5064    9                  4                 
       BAT_LTC6802.obj                 2875    37                 282               
       NVRAM.obj                       905     29                 200               
       BATAlgorithm.obj                1064    4                  1                 
       ProtectRelay.obj                579     0                  0                 
    +--+-------------------------------+-------+------------------+--------------------+
       Total:                          14147   133                2431              
                                                                                    
    C:/ti/ccs1271/ccs/tools/compiler/ti-cgt-c2000_22.6.1.LTS/lib/rts2800_fpu32.lib
       fs_div28.asm.obj                136     0                  0                 
       s_floorf.c.obj                  89      2                  0                 
       boot28.asm.obj                  86      0                  0                 
       exit.c.obj                      41      14                 6                 
       s_roundf.c.obj                  57      0                  0                 
       cpy_tbl.c.obj                   36      0                  0                 
       memcpy.c.obj                    29      0                  0                 
       _lock.c.obj                     9       10                 4                 
       args_main.c.obj                 18      0                  0                 
       pre_init.c.obj                  2       0                  0                 
       startup.c.obj                   1       0                  0                 
    +--+-------------------------------+-------+------------------+--------------------+
       Total:                          504     26                 10                
                                                                                    
       Stack:                          0       0                  80                
    +--+-------------------------------+-------+------------------+--------------------+
       Grand Total:                    17549   546                6097              


GLOBAL DATA SYMBOLS: SORTED BY DATA PAGE

address     data page           name
--------    ----------------    ----
00000050       1 (00000040)     __stack

00000880      22 (00000880)     _DevEmuRegs

00000985      26 (00000980)     _SysPwrCtrlRegs

00000a80      2a (00000a80)     _FlashRegs

00000ae0      2b (00000ac0)     _CsmRegs

00000b00      2c (00000b00)     _AdcResult

00000c00      30 (00000c00)     _CpuTimer0Regs
00000c08      30 (00000c00)     _CpuTimer1Regs
00000c10      30 (00000c00)     _CpuTimer2Regs

00000ce0      33 (00000cc0)     _PieCtrlRegs

00000d00      34 (00000d00)     _EmuKey
00000d00      34 (00000d00)     _PieVectTable
00000d01      34 (00000d00)     _EmuBMode
00000d02      34 (00000d00)     _Flash_CallbackPtr
00000d04      34 (00000d00)     _Flash_CPUScaleFactor

00001000      40 (00001000)     _DmaRegs

00001400      50 (00001400)     _Cla1Regs

00004000     100 (00004000)     _Usb0Regs

00005000     140 (00005000)     _McbspaRegs

00006000     180 (00006000)     _ECanaRegs

00006040     181 (00006040)     _ECanaLAMRegs

00006080     182 (00006080)     _ECanaMOTSRegs

000060c0     183 (000060c0)     _ECanaMOTORegs

00006100     184 (00006100)     _ECanaMboxes

00006400     190 (00006400)     _Comp1Regs
00006420     190 (00006400)     _Comp2Regs

00006440     191 (00006440)     _Comp3Regs

00006800     1a0 (00006800)     _EPwm1Regs

00006840     1a1 (00006840)     _EPwm2Regs

00006880     1a2 (00006880)     _EPwm3Regs

000068c0     1a3 (000068c0)     _EPwm4Regs

00006900     1a4 (00006900)     _EPwm5Regs

00006940     1a5 (00006940)     _EPwm6Regs

00006980     1a6 (00006980)     _EPwm7Regs

000069c0     1a7 (000069c0)     _EPwm8Regs

00006a00     1a8 (00006a00)     _ECap1Regs
00006a20     1a8 (00006a00)     _ECap2Regs

00006a40     1a9 (00006a40)     _ECap3Regs

00006ac0     1ab (00006ac0)     _HRCap1Regs
00006ae0     1ab (00006ac0)     _HRCap2Regs

00006b00     1ac (00006b00)     _EQep1Regs

00006b40     1ad (00006b40)     _EQep2Regs

00006c80     1b2 (00006c80)     _HRCap3Regs
00006ca0     1b2 (00006c80)     _HRCap4Regs

00006f80     1be (00006f80)     _GpioCtrlRegs

00006fc0     1bf (00006fc0)     _GpioDataRegs
00006fe0     1bf (00006fc0)     _GpioIntRegs

00007010     1c0 (00007000)     _SysCtrlRegs

00007040     1c1 (00007040)     _SpiaRegs
00007050     1c1 (00007040)     _SciaRegs
00007060     1c1 (00007040)     _NmiIntruptRegs
00007070     1c1 (00007040)     _XIntruptRegs

00007100     1c4 (00007100)     _AdcRegs

00007740     1dd (00007740)     _SpibRegs
00007750     1dd (00007740)     _ScibRegs

00007900     1e4 (00007900)     _I2caRegs

0000a000     280 (0000a000)     _ProtectRelayCyle
0000a002     280 (0000a000)     _randomCT
0000a004     280 (0000a000)     _randomA
0000a006     280 (0000a000)     _randomC
0000a008     280 (0000a000)     _NCMsocTestVoltAGV
0000a00a     280 (0000a000)     _NUMsocTestVCT
0000a00c     280 (0000a000)     _LFPsocTestVoltAGV
0000a00e     280 (0000a000)     _LFPsocTestVCT
0000a010     280 (0000a000)     _TesVoltAGV
0000a012     280 (0000a000)     _TescutCt
0000a014     280 (0000a000)     _TescutCtabs
0000a016     280 (0000a000)     _NVRAllRegs
0000a01c     280 (0000a000)     _PrtectRelayRegs

0000a040     281 (0000a040)     _NVRZoneAWRRegs
0000a058     281 (0000a040)     _NVRZoneARDRegs

0000a080     282 (0000a080)     _EV240AhSocRegs

0000a140     285 (0000a140)     _CANARegs

0000a200     288 (0000a200)     _Slave0Regs

0000a300     28c (0000a300)     _Slave1Regs

0000a400     290 (0000a400)     _Slave2Regs

0000a500     294 (0000a500)     _Slave3Regs

0000a600     298 (0000a600)     _SysRegs

0000a7b8     29e (0000a780)     _LTC6804_init_table
0000a7be     29e (0000a780)     __lock

0000a7c0     29f (0000a7c0)     _pec15Table

0000a900     2a4 (0000a900)     _testRXbuf
0000a91e     2a4 (0000a900)     _testTXbuf

0000a940     2a5 (0000a940)     _test
0000a942     2a5 (0000a940)     _CpuTimer0
0000a94a     2a5 (0000a940)     _CpuTimer1
0000a952     2a5 (0000a940)     _CpuTimer2
0000a95a     2a5 (0000a940)     _CRC15POLY
0000a95b     2a5 (0000a940)     _ltc_state
0000a95c     2a5 (0000a940)     _ltc_error_count
0000a95d     2a5 (0000a940)     _LTC6804
0000a96e     2a5 (0000a940)     _rxBuf
0000a97e     2a5 (0000a940)     __unlock

0000a980     2a6 (0000a980)     _txBuf
0000a990     2a6 (0000a980)     _g_RTCommitReq
0000a991     2a6 (0000a980)     _g_RTCommitDone
0000a992     2a6 (0000a980)     _TestState
0000a993     2a6 (0000a980)     _TestError
0000a994     2a6 (0000a980)     _i
0000a995     2a6 (0000a980)     _SPI_Sema
0000a996     2a6 (0000a980)     _testTXlen
0000a997     2a6 (0000a980)     _testRXlen
0000a99a     2a6 (0000a980)     _g_SysTimeTick
0000a99c     2a6 (0000a980)     ___TI_enable_exit_profile_output
0000a99e     2a6 (0000a980)     ___TI_cleanup_ptr
0000a9a0     2a6 (0000a980)     ___TI_dtors_ptr

003d7e80    f5fa (003d7e80)     _PartIdRegs

003dc46c    f711 (003dc440)     _PieVectTableInit

003f7ff8    fdff (003f7fc0)     _CsmPwl


GLOBAL SYMBOLS: SORTED ALPHABETICALLY BY Name 

page  address   name                            
----  -------   ----                            
0     003d8000  .text                           
0     003dc359  C$$EXIT                         
0     003dc0f2  FS$$DIV                         
0     003db235  _ADCINT1_ISR                    
0     003db23f  _ADCINT2_ISR                    
0     003db447  _ADCINT3_ISR                    
0     003db451  _ADCINT4_ISR                    
0     003db45b  _ADCINT5_ISR                    
0     003db465  _ADCINT6_ISR                    
0     003db46f  _ADCINT7_ISR                    
0     003db479  _ADCINT8_ISR                    
0     003db25d  _ADCINT9_ISR                    
1     00007100  _AdcRegs                        
1     00000b00  _AdcResult                      
0     003d9405  _BATSPIEnable_highA             
0     003d9413  _BATSPIEnable_highB             
0     003d9400  _BATSPIEnable_lowA              
0     003d940e  _BATSPIEnable_lowB              
1     0000a140  _CANARegs                       
0     003d8004  _CANATX                         
0     003d82e3  _CANRegVarINIT                  
0     003db483  _CLA1_INT1_ISR                  
0     003db48d  _CLA1_INT2_ISR                  
0     003db497  _CLA1_INT3_ISR                  
0     003db4a1  _CLA1_INT4_ISR                  
0     003db4ab  _CLA1_INT5_ISR                  
0     003db4b5  _CLA1_INT6_ISR                  
0     003db4bf  _CLA1_INT7_ISR                  
0     003db4c9  _CLA1_INT8_ISR                  
1     0000a95a  _CRC15POLY                      
0     003dad4f  _CalEVE240AhRegsInit            
0     003db057  _CalEVE240AhSocHandle           
0     003daf67  _CalEVE240AhSocInit             
1     00001400  _Cla1Regs                       
1     00006400  _Comp1Regs                      
1     00006420  _Comp2Regs                      
1     00006440  _Comp3Regs                      
0     003dc233  _ConfigCpuTimer                 
1     0000a942  _CpuTimer0                      
1     00000c00  _CpuTimer0Regs                  
1     0000a94a  _CpuTimer1                      
1     00000c08  _CpuTimer1Regs                  
1     0000a952  _CpuTimer2                      
1     00000c10  _CpuTimer2Regs                  
1     003f7ff8  _CsmPwl                         
1     00000ae0  _CsmRegs                        
0     003dbf45  _CsmUnlock                      
0     003db18b  _DATALOG_ISR                    
0     003db3bb  _DINTCH1_ISR                    
0     003db3c5  _DINTCH2_ISR                    
0     003db3cf  _DINTCH3_ISR                    
0     003db3d9  _DINTCH4_ISR                    
0     003db3e3  _DINTCH5_ISR                    
0     003db3ed  _DINTCH6_ISR                    
0     0000801b  _DSP28x_usDelay                 
1     00000880  _DevEmuRegs                     
0     003dbe61  _DisableDog                     
1     00001000  _DmaRegs                        
0     003db433  _ECAN0INTA_ISR                  
0     003db43d  _ECAN1INTA_ISR                  
0     003db31b  _ECAP1_INT_ISR                  
0     003db325  _ECAP2_INT_ISR                  
0     003db32f  _ECAP3_INT_ISR                  
1     00006040  _ECanaLAMRegs                   
1     000060c0  _ECanaMOTORegs                  
1     00006080  _ECanaMOTSRegs                  
1     00006100  _ECanaMboxes                    
1     00006000  _ECanaRegs                      
1     00006a00  _ECap1Regs                      
1     00006a20  _ECap2Regs                      
1     00006a40  _ECap3Regs                      
0     003db4f1  _EMPTY_ISR                      
0     003db19f  _EMUINT_ISR                     
0     003db2cb  _EPWM1_INT_ISR                  
0     003db27b  _EPWM1_TZINT_ISR                
0     003db2d5  _EPWM2_INT_ISR                  
0     003db285  _EPWM2_TZINT_ISR                
0     003db2df  _EPWM3_INT_ISR                  
0     003db28f  _EPWM3_TZINT_ISR                
0     003db2e9  _EPWM4_INT_ISR                  
0     003db299  _EPWM4_TZINT_ISR                
0     003db2f3  _EPWM5_INT_ISR                  
0     003db2a3  _EPWM5_TZINT_ISR                
0     003db2fd  _EPWM6_INT_ISR                  
0     003db2ad  _EPWM6_TZINT_ISR                
0     003db307  _EPWM7_INT_ISR                  
0     003db2b7  _EPWM7_TZINT_ISR                
0     003db311  _EPWM8_INT_ISR                  
0     003db2c1  _EPWM8_TZINT_ISR                
1     00006800  _EPwm1Regs                      
1     00006840  _EPwm2Regs                      
1     00006880  _EPwm3Regs                      
1     000068c0  _EPwm4Regs                      
1     00006900  _EPwm5Regs                      
1     00006940  _EPwm6Regs                      
1     00006980  _EPwm7Regs                      
1     000069c0  _EPwm8Regs                      
0     003db34d  _EQEP1_INT_ISR                  
0     003db357  _EQEP2_INT_ISR                  
1     00006b00  _EQep1Regs                      
1     00006b40  _EQep2Regs                      
1     0000a080  _EV240AhSocRegs                 
1     00000d01  _EmuBMode                       
1     00000d00  _EmuKey                         
0     003dc3a1  _EnableInterrupts               
0     003dbfbb  _ExtOscSel                      
1     00000a80  _FlashRegs                      
1     00000d04  _Flash_CPUScaleFactor           
1     00000d02  _Flash_CallbackPtr              
1     00006f80  _GpioCtrlRegs                   
1     00006fc0  _GpioDataRegs                   
1     00006fe0  _GpioIntRegs                    
0     003db339  _HRCAP1_INT_ISR                 
0     003db343  _HRCAP2_INT_ISR                 
0     003db361  _HRCAP3_INT_ISR                 
0     003db36b  _HRCAP4_INT_ISR                 
1     00006ac0  _HRCap1Regs                     
1     00006ae0  _HRCap2Regs                     
1     00006c80  _HRCap3Regs                     
1     00006ca0  _HRCap4Regs                     
0     003db3f7  _I2CINT1A_ISR                   
0     003db401  _I2CINT2A_ISR                   
1     00007900  _I2caRegs                       
0     003db1b3  _ILLEGAL_ISR                    
0     003db177  _INT13_ISR                      
0     003db181  _INT14_ISR                      
0     003da5de  _ISR_CANRXINTA                  
0     003dc1f8  _InitCpuTimers                  
0     003db89b  _InitECan                       
0     003dbbe1  _InitECanGpio                   
0     003db89e  _InitECana                      
0     003dbbe4  _InitECanaGpio                  
0     00008000  _InitFlash                      
0     003dbfd1  _InitGpio                       
0     003dbeeb  _InitPeripheralClocks           
0     003dc382  _InitPieCtrl                    
0     003dc3aa  _InitPieVectTable               
0     003dbe69  _InitPll                        
0     003dbebd  _InitPll2                       
0     003dc17a  _InitSpi                        
0     003dc195  _InitSpiGpio                    
0     003dc198  _InitSpiaGpio                   
0     003dbe3d  _InitSysCtrl                    
0     003dbf76  _IntOsc1Sel                     
0     003dbf86  _IntOsc2Sel                     
1     0000a00e  _LFPsocTestVCT                  
1     0000a00c  _LFPsocTestVoltAGV              
1     0000a95d  _LTC6804                        
0     003d9565  _LTC6804_DieTemperatureRead     
0     003d95ad  _LTC6804_SocItmpVaRead          
0     003d9544  _LTC6804_WakeUp                 
1     0000a7b8  _LTC6804_init_table             
0     003d94f0  _LTC6804_read_cmd               
0     003d9466  _LTC6804_write                  
0     003d94d0  _LTC6804_write_cmd              
0     003db4e7  _LUF_ISR                        
0     003db4dd  _LVF_ISR                        
0     003d83bd  _MDCalInit                      
0     003d83d5  _MDCalVoltandTemsHandle         
0     003db3a7  _MRINTA_ISR                     
0     003db3b1  _MXINTA_ISR                     
1     00005000  _McbspaRegs                     
0     003dc411  _MemCopy                        
1     0000a008  _NCMsocTestVoltAGV              
0     003db1a9  _NMI_ISR                        
1     0000a00a  _NUMsocTestVCT                  
0     003db620  _NVRAM_AZoneReadHandler         
0     003db555  _NVRAM_AZoneSaveHandler         
0     003db6c2  _NVRAM_RecognizeAndInit         
0     003db512  _NVRAM_StateTest                
1     0000a016  _NVRAllRegs                     
1     0000a058  _NVRZoneARDRegs                 
1     0000a040  _NVRZoneAWRRegs                 
0     003db7b2  _NVR_Init                       
0     003db7cb  _NVR_Lock                       
0     003db83e  _NVR_SPIRead                    
0     003db7e1  _NVR_SPIWrite                   
0     003db7b5  _NVR_UnLock                     
1     00007060  _NmiIntruptRegs                 
0     003db4fe  _PIE_RESERVED                   
0     003d9376  _PWRHoldHandle                  
1     003d7e80  _PartIdRegs                     
1     00000ce0  _PieCtrlRegs                    
1     00000d00  _PieVectTable                   
0     003dc46c  _PieVectTableInit               
1     0000a000  _ProtectRelayCyle               
0     003d933c  _ProtectRelayTimerHandle        
0     003dbe06  _ProtectRlyEMSHandle            
0     003dbd6b  _ProtectRlyOnHandle             
0     003dbd59  _ProtectRlyOnInit               
0     003dbbfa  _ProtectRlyVarINIT              
1     0000a01c  _PrtectRelayRegs                
0     003db195  _RTOSINT_ISR                    
0     003dc46c  _RamfuncsLoadEnd                
abs   0000001f  _RamfuncsLoadSize               
0     003dc44d  _RamfuncsLoadStart              
0     00008000  _RamfuncsRunStart               
0     003dbc3e  _RlySeqHandle                   
0     003db40b  _SCIRXINTA_ISR                  
0     003db41f  _SCIRXINTB_ISR                  
0     003db415  _SCITXINTA_ISR                  
0     003db429  _SCITXINTB_ISR                  
0     003db37f  _SPIRXINTA_ISR                  
0     003db393  _SPIRXINTB_ISR                  
0     003db389  _SPITXINTA_ISR                  
0     003db39d  _SPITXINTB_ISR                  
0     003d93e1  _SPI_BATRead                    
0     003d93c8  _SPI_BATWrite                   
0     003dc1d9  _SPI_Read                       
1     0000a995  _SPI_Sema                       
0     003dc1c0  _SPI_Write                      
0     003d9861  _SalveTempsHandler              
1     00007050  _SciaRegs                       
1     00007750  _ScibRegs                       
0     003dbe57  _ServiceDog                     
0     003dc447  _SetDBGIER                      
1     0000a200  _Slave0Regs                     
1     0000a300  _Slave1Regs                     
1     0000a400  _Slave2Regs                     
1     0000a500  _Slave3Regs                     
0     003d9686  _SlaveBMSDigiteldoutOHandler    
0     003d960a  _SlaveBMSIint                   
0     003d9cb4  _SlaveBmsBalance                
0     003d9d13  _SlaveVoltagBalaHandler         
0     003d99e0  _SlaveVoltagHandler             
1     00007040  _SpiaRegs                       
1     00007740  _SpibRegs                       
0     003d89d1  _SysAlarmtCheck                 
0     003d8971  _SysCalCurrentHandle            
0     003d87ba  _SysCalSocIintHandle            
0     003d88f9  _SysCalTemperatureHandle        
0     003d881a  _SysCalVoltageHandle            
1     00007010  _SysCtrlRegs                    
0     003d921c  _SysDigitalInput                
0     003d92a2  _SysDigitalOutput               
0     003d8d3b  _SysFaultCheck                  
0     003d909c  _SysProtectCheck                
1     00000985  _SysPwrCtrlRegs                 
1     0000a600  _SysRegs                        
0     003d808e  _SysTimerINIT                   
0     003d80cd  _SysVarINIT                     
0     003db267  _TINT0_ISR                      
0     003d8000  _TempTemps                      
1     0000a010  _TesVoltAGV                     
1     0000a012  _TescutCt                       
1     0000a014  _TescutCtabs                    
1     0000a993  _TestError                      
1     0000a992  _TestState                      
0     003d932b  _TimerinitHandle                
0     003db375  _USB0_INT_ISR                   
0     003db217  _USER10_ISR                     
0     003db221  _USER11_ISR                     
0     003db22b  _USER12_ISR                     
0     003db1bd  _USER1_ISR                      
0     003db1c7  _USER2_ISR                      
0     003db1d1  _USER3_ISR                      
0     003db1db  _USER4_ISR                      
0     003db1e5  _USER5_ISR                      
0     003db1ef  _USER6_ISR                      
0     003db1f9  _USER7_ISR                      
0     003db203  _USER8_ISR                      
0     003db20d  _USER9_ISR                      
1     00004000  _Usb0Regs                       
0     003db271  _WAKEINT_ISR                    
0     003db249  _XINT1_ISR                      
0     003db253  _XINT2_ISR                      
0     003db4d3  _XINT3_ISR                      
1     00007070  _XIntruptRegs                   
0     003dbfa0  _XtalOscSel                     
1     000000a0  __STACK_END                     
abs   00000050  __STACK_SIZE                    
1     0000a99e  ___TI_cleanup_ptr               
1     0000a9a0  ___TI_dtors_ptr                 
1     0000a99c  ___TI_enable_exit_profile_output
abs   ffffffff  ___TI_pprof_out_hndl            
abs   ffffffff  ___TI_prof_data_size            
abs   ffffffff  ___TI_prof_data_start           
abs   ffffffff  ___binit__                      
abs   ffffffff  ___c_args__                     
0     003dc56e  ___cinit__                      
0     003dc44d  ___etext__                      
abs   ffffffff  ___pinit__                      
0     003d8000  ___text__                       
0     003dc424  __args_main                     
1     0000a7be  __lock                          
0     003dc43e  __nop                           
0     003dc43a  __register_lock                 
0     003dc436  __register_unlock               
1     00000050  __stack                         
0     003dc44c  __system_post_cinit             
0     003dc44a  __system_pre_init               
1     0000a97e  __unlock                        
0     003dc359  _abort                          
0     003dc2ca  _c_int00                        
0     003dc3d0  _copy_in                        
0     003d9f03  _cpu_timer0_isr                 
0     003dc35b  _exit                           
0     003d9206  _float32ToInt                   
0     003dc271  _floor                          
0     003dc271  _floorf                         
1     0000a991  _g_RTCommitDone                 
1     0000a990  _g_RTCommitReq                  
1     0000a99a  _g_SysTimeTick                  
0     003daea1  _hermite_soc_40_60              
1     0000a994  _i                              
0     003d941c  _init_PEC15_Table               
1     0000a95c  _ltc_error_count                
1     0000a95b  _ltc_state                      
0     003da6c1  _main                           
0     003dc3f4  _memcpy                         
0     003d9446  _pec15                          
1     0000a7c0  _pec15Table                     
1     0000a004  _randomA                        
1     0000a006  _randomC                        
1     0000a002  _randomCT                       
0     003dc320  _round                          
0     003dc320  _roundf                         
0     003db508  _rsvd_ISR                       
1     0000a96e  _rxBuf                          
1     0000a940  _test                           
1     0000a900  _testRXbuf                      
1     0000a997  _testRXlen                      
1     0000a91e  _testTXbuf                      
1     0000a996  _testTXlen                      
1     0000a980  _txBuf                          
abs   ffffffff  binit                           
0     003dc56e  cinit                           
0     003f7ff6  code_start                      
0     003dc44d  etext                           
abs   ffffffff  pinit                           


GLOBAL SYMBOLS: SORTED BY Symbol Address 

page  address   name                            
----  -------   ----                            
0     00008000  _InitFlash                      
0     00008000  _RamfuncsRunStart               
0     0000801b  _DSP28x_usDelay                 
0     003d8000  .text                           
0     003d8000  _TempTemps                      
0     003d8000  ___text__                       
0     003d8004  _CANATX                         
0     003d808e  _SysTimerINIT                   
0     003d80cd  _SysVarINIT                     
0     003d82e3  _CANRegVarINIT                  
0     003d83bd  _MDCalInit                      
0     003d83d5  _MDCalVoltandTemsHandle         
0     003d87ba  _SysCalSocIintHandle            
0     003d881a  _SysCalVoltageHandle            
0     003d88f9  _SysCalTemperatureHandle        
0     003d8971  _SysCalCurrentHandle            
0     003d89d1  _SysAlarmtCheck                 
0     003d8d3b  _SysFaultCheck                  
0     003d909c  _SysProtectCheck                
0     003d9206  _float32ToInt                   
0     003d921c  _SysDigitalInput                
0     003d92a2  _SysDigitalOutput               
0     003d932b  _TimerinitHandle                
0     003d933c  _ProtectRelayTimerHandle        
0     003d9376  _PWRHoldHandle                  
0     003d93c8  _SPI_BATWrite                   
0     003d93e1  _SPI_BATRead                    
0     003d9400  _BATSPIEnable_lowA              
0     003d9405  _BATSPIEnable_highA             
0     003d940e  _BATSPIEnable_lowB              
0     003d9413  _BATSPIEnable_highB             
0     003d941c  _init_PEC15_Table               
0     003d9446  _pec15                          
0     003d9466  _LTC6804_write                  
0     003d94d0  _LTC6804_write_cmd              
0     003d94f0  _LTC6804_read_cmd               
0     003d9544  _LTC6804_WakeUp                 
0     003d9565  _LTC6804_DieTemperatureRead     
0     003d95ad  _LTC6804_SocItmpVaRead          
0     003d960a  _SlaveBMSIint                   
0     003d9686  _SlaveBMSDigiteldoutOHandler    
0     003d9861  _SalveTempsHandler              
0     003d99e0  _SlaveVoltagHandler             
0     003d9cb4  _SlaveBmsBalance                
0     003d9d13  _SlaveVoltagBalaHandler         
0     003d9f03  _cpu_timer0_isr                 
0     003da5de  _ISR_CANRXINTA                  
0     003da6c1  _main                           
0     003dad4f  _CalEVE240AhRegsInit            
0     003daea1  _hermite_soc_40_60              
0     003daf67  _CalEVE240AhSocInit             
0     003db057  _CalEVE240AhSocHandle           
0     003db177  _INT13_ISR                      
0     003db181  _INT14_ISR                      
0     003db18b  _DATALOG_ISR                    
0     003db195  _RTOSINT_ISR                    
0     003db19f  _EMUINT_ISR                     
0     003db1a9  _NMI_ISR                        
0     003db1b3  _ILLEGAL_ISR                    
0     003db1bd  _USER1_ISR                      
0     003db1c7  _USER2_ISR                      
0     003db1d1  _USER3_ISR                      
0     003db1db  _USER4_ISR                      
0     003db1e5  _USER5_ISR                      
0     003db1ef  _USER6_ISR                      
0     003db1f9  _USER7_ISR                      
0     003db203  _USER8_ISR                      
0     003db20d  _USER9_ISR                      
0     003db217  _USER10_ISR                     
0     003db221  _USER11_ISR                     
0     003db22b  _USER12_ISR                     
0     003db235  _ADCINT1_ISR                    
0     003db23f  _ADCINT2_ISR                    
0     003db249  _XINT1_ISR                      
0     003db253  _XINT2_ISR                      
0     003db25d  _ADCINT9_ISR                    
0     003db267  _TINT0_ISR                      
0     003db271  _WAKEINT_ISR                    
0     003db27b  _EPWM1_TZINT_ISR                
0     003db285  _EPWM2_TZINT_ISR                
0     003db28f  _EPWM3_TZINT_ISR                
0     003db299  _EPWM4_TZINT_ISR                
0     003db2a3  _EPWM5_TZINT_ISR                
0     003db2ad  _EPWM6_TZINT_ISR                
0     003db2b7  _EPWM7_TZINT_ISR                
0     003db2c1  _EPWM8_TZINT_ISR                
0     003db2cb  _EPWM1_INT_ISR                  
0     003db2d5  _EPWM2_INT_ISR                  
0     003db2df  _EPWM3_INT_ISR                  
0     003db2e9  _EPWM4_INT_ISR                  
0     003db2f3  _EPWM5_INT_ISR                  
0     003db2fd  _EPWM6_INT_ISR                  
0     003db307  _EPWM7_INT_ISR                  
0     003db311  _EPWM8_INT_ISR                  
0     003db31b  _ECAP1_INT_ISR                  
0     003db325  _ECAP2_INT_ISR                  
0     003db32f  _ECAP3_INT_ISR                  
0     003db339  _HRCAP1_INT_ISR                 
0     003db343  _HRCAP2_INT_ISR                 
0     003db34d  _EQEP1_INT_ISR                  
0     003db357  _EQEP2_INT_ISR                  
0     003db361  _HRCAP3_INT_ISR                 
0     003db36b  _HRCAP4_INT_ISR                 
0     003db375  _USB0_INT_ISR                   
0     003db37f  _SPIRXINTA_ISR                  
0     003db389  _SPITXINTA_ISR                  
0     003db393  _SPIRXINTB_ISR                  
0     003db39d  _SPITXINTB_ISR                  
0     003db3a7  _MRINTA_ISR                     
0     003db3b1  _MXINTA_ISR                     
0     003db3bb  _DINTCH1_ISR                    
0     003db3c5  _DINTCH2_ISR                    
0     003db3cf  _DINTCH3_ISR                    
0     003db3d9  _DINTCH4_ISR                    
0     003db3e3  _DINTCH5_ISR                    
0     003db3ed  _DINTCH6_ISR                    
0     003db3f7  _I2CINT1A_ISR                   
0     003db401  _I2CINT2A_ISR                   
0     003db40b  _SCIRXINTA_ISR                  
0     003db415  _SCITXINTA_ISR                  
0     003db41f  _SCIRXINTB_ISR                  
0     003db429  _SCITXINTB_ISR                  
0     003db433  _ECAN0INTA_ISR                  
0     003db43d  _ECAN1INTA_ISR                  
0     003db447  _ADCINT3_ISR                    
0     003db451  _ADCINT4_ISR                    
0     003db45b  _ADCINT5_ISR                    
0     003db465  _ADCINT6_ISR                    
0     003db46f  _ADCINT7_ISR                    
0     003db479  _ADCINT8_ISR                    
0     003db483  _CLA1_INT1_ISR                  
0     003db48d  _CLA1_INT2_ISR                  
0     003db497  _CLA1_INT3_ISR                  
0     003db4a1  _CLA1_INT4_ISR                  
0     003db4ab  _CLA1_INT5_ISR                  
0     003db4b5  _CLA1_INT6_ISR                  
0     003db4bf  _CLA1_INT7_ISR                  
0     003db4c9  _CLA1_INT8_ISR                  
0     003db4d3  _XINT3_ISR                      
0     003db4dd  _LVF_ISR                        
0     003db4e7  _LUF_ISR                        
0     003db4f1  _EMPTY_ISR                      
0     003db4fe  _PIE_RESERVED                   
0     003db508  _rsvd_ISR                       
0     003db512  _NVRAM_StateTest                
0     003db555  _NVRAM_AZoneSaveHandler         
0     003db620  _NVRAM_AZoneReadHandler         
0     003db6c2  _NVRAM_RecognizeAndInit         
0     003db7b2  _NVR_Init                       
0     003db7b5  _NVR_UnLock                     
0     003db7cb  _NVR_Lock                       
0     003db7e1  _NVR_SPIWrite                   
0     003db83e  _NVR_SPIRead                    
0     003db89b  _InitECan                       
0     003db89e  _InitECana                      
0     003dbbe1  _InitECanGpio                   
0     003dbbe4  _InitECanaGpio                  
0     003dbbfa  _ProtectRlyVarINIT              
0     003dbc3e  _RlySeqHandle                   
0     003dbd59  _ProtectRlyOnInit               
0     003dbd6b  _ProtectRlyOnHandle             
0     003dbe06  _ProtectRlyEMSHandle            
0     003dbe3d  _InitSysCtrl                    
0     003dbe57  _ServiceDog                     
0     003dbe61  _DisableDog                     
0     003dbe69  _InitPll                        
0     003dbebd  _InitPll2                       
0     003dbeeb  _InitPeripheralClocks           
0     003dbf45  _CsmUnlock                      
0     003dbf76  _IntOsc1Sel                     
0     003dbf86  _IntOsc2Sel                     
0     003dbfa0  _XtalOscSel                     
0     003dbfbb  _ExtOscSel                      
0     003dbfd1  _InitGpio                       
0     003dc0f2  FS$$DIV                         
0     003dc17a  _InitSpi                        
0     003dc195  _InitSpiGpio                    
0     003dc198  _InitSpiaGpio                   
0     003dc1c0  _SPI_Write                      
0     003dc1d9  _SPI_Read                       
0     003dc1f8  _InitCpuTimers                  
0     003dc233  _ConfigCpuTimer                 
0     003dc271  _floor                          
0     003dc271  _floorf                         
0     003dc2ca  _c_int00                        
0     003dc320  _round                          
0     003dc320  _roundf                         
0     003dc359  C$$EXIT                         
0     003dc359  _abort                          
0     003dc35b  _exit                           
0     003dc382  _InitPieCtrl                    
0     003dc3a1  _EnableInterrupts               
0     003dc3aa  _InitPieVectTable               
0     003dc3d0  _copy_in                        
0     003dc3f4  _memcpy                         
0     003dc411  _MemCopy                        
0     003dc424  __args_main                     
0     003dc436  __register_unlock               
0     003dc43a  __register_lock                 
0     003dc43e  __nop                           
0     003dc447  _SetDBGIER                      
0     003dc44a  __system_pre_init               
0     003dc44c  __system_post_cinit             
0     003dc44d  _RamfuncsLoadStart              
0     003dc44d  ___etext__                      
0     003dc44d  etext                           
0     003dc46c  _PieVectTableInit               
0     003dc46c  _RamfuncsLoadEnd                
0     003dc56e  ___cinit__                      
0     003dc56e  cinit                           
0     003f7ff6  code_start                      
1     00000050  __stack                         
1     000000a0  __STACK_END                     
1     00000880  _DevEmuRegs                     
1     00000985  _SysPwrCtrlRegs                 
1     00000a80  _FlashRegs                      
1     00000ae0  _CsmRegs                        
1     00000b00  _AdcResult                      
1     00000c00  _CpuTimer0Regs                  
1     00000c08  _CpuTimer1Regs                  
1     00000c10  _CpuTimer2Regs                  
1     00000ce0  _PieCtrlRegs                    
1     00000d00  _EmuKey                         
1     00000d00  _PieVectTable                   
1     00000d01  _EmuBMode                       
1     00000d02  _Flash_CallbackPtr              
1     00000d04  _Flash_CPUScaleFactor           
1     00001000  _DmaRegs                        
1     00001400  _Cla1Regs                       
1     00004000  _Usb0Regs                       
1     00005000  _McbspaRegs                     
1     00006000  _ECanaRegs                      
1     00006040  _ECanaLAMRegs                   
1     00006080  _ECanaMOTSRegs                  
1     000060c0  _ECanaMOTORegs                  
1     00006100  _ECanaMboxes                    
1     00006400  _Comp1Regs                      
1     00006420  _Comp2Regs                      
1     00006440  _Comp3Regs                      
1     00006800  _EPwm1Regs                      
1     00006840  _EPwm2Regs                      
1     00006880  _EPwm3Regs                      
1     000068c0  _EPwm4Regs                      
1     00006900  _EPwm5Regs                      
1     00006940  _EPwm6Regs                      
1     00006980  _EPwm7Regs                      
1     000069c0  _EPwm8Regs                      
1     00006a00  _ECap1Regs                      
1     00006a20  _ECap2Regs                      
1     00006a40  _ECap3Regs                      
1     00006ac0  _HRCap1Regs                     
1     00006ae0  _HRCap2Regs                     
1     00006b00  _EQep1Regs                      
1     00006b40  _EQep2Regs                      
1     00006c80  _HRCap3Regs                     
1     00006ca0  _HRCap4Regs                     
1     00006f80  _GpioCtrlRegs                   
1     00006fc0  _GpioDataRegs                   
1     00006fe0  _GpioIntRegs                    
1     00007010  _SysCtrlRegs                    
1     00007040  _SpiaRegs                       
1     00007050  _SciaRegs                       
1     00007060  _NmiIntruptRegs                 
1     00007070  _XIntruptRegs                   
1     00007100  _AdcRegs                        
1     00007740  _SpibRegs                       
1     00007750  _ScibRegs                       
1     00007900  _I2caRegs                       
1     0000a000  _ProtectRelayCyle               
1     0000a002  _randomCT                       
1     0000a004  _randomA                        
1     0000a006  _randomC                        
1     0000a008  _NCMsocTestVoltAGV              
1     0000a00a  _NUMsocTestVCT                  
1     0000a00c  _LFPsocTestVoltAGV              
1     0000a00e  _LFPsocTestVCT                  
1     0000a010  _TesVoltAGV                     
1     0000a012  _TescutCt                       
1     0000a014  _TescutCtabs                    
1     0000a016  _NVRAllRegs                     
1     0000a01c  _PrtectRelayRegs                
1     0000a040  _NVRZoneAWRRegs                 
1     0000a058  _NVRZoneARDRegs                 
1     0000a080  _EV240AhSocRegs                 
1     0000a140  _CANARegs                       
1     0000a200  _Slave0Regs                     
1     0000a300  _Slave1Regs                     
1     0000a400  _Slave2Regs                     
1     0000a500  _Slave3Regs                     
1     0000a600  _SysRegs                        
1     0000a7b8  _LTC6804_init_table             
1     0000a7be  __lock                          
1     0000a7c0  _pec15Table                     
1     0000a900  _testRXbuf                      
1     0000a91e  _testTXbuf                      
1     0000a940  _test                           
1     0000a942  _CpuTimer0                      
1     0000a94a  _CpuTimer1                      
1     0000a952  _CpuTimer2                      
1     0000a95a  _CRC15POLY                      
1     0000a95b  _ltc_state                      
1     0000a95c  _ltc_error_count                
1     0000a95d  _LTC6804                        
1     0000a96e  _rxBuf                          
1     0000a97e  __unlock                        
1     0000a980  _txBuf                          
1     0000a990  _g_RTCommitReq                  
1     0000a991  _g_RTCommitDone                 
1     0000a992  _TestState                      
1     0000a993  _TestError                      
1     0000a994  _i                              
1     0000a995  _SPI_Sema                       
1     0000a996  _testTXlen                      
1     0000a997  _testRXlen                      
1     0000a99a  _g_SysTimeTick                  
1     0000a99c  ___TI_enable_exit_profile_output
1     0000a99e  ___TI_cleanup_ptr               
1     0000a9a0  ___TI_dtors_ptr                 
1     003d7e80  _PartIdRegs                     
1     003f7ff8  _CsmPwl                         
abs   0000001f  _RamfuncsLoadSize               
abs   00000050  __STACK_SIZE                    
abs   ffffffff  ___TI_pprof_out_hndl            
abs   ffffffff  ___TI_prof_data_size            
abs   ffffffff  ___TI_prof_data_start           
abs   ffffffff  ___binit__                      
abs   ffffffff  ___c_args__                     
abs   ffffffff  ___pinit__                      
abs   ffffffff  binit                           
abs   ffffffff  pinit                           

[330 symbols]
